<html>
<body>
<pre>
<h1>µVision Build Log</h1>
<h2>Tool Versions:</h2>
IDE-Version: µVision V5.24.2.0
Copyright (C) 2017 ARM Ltd and ARM Germany GmbH. All rights reserved.
License Information: Eric Praetzel, ECE Dept, LIC=----
 
Tool Versions:
Toolchain:       MDK-Lite  Version: 5.24.1
Toolchain Path:  C:\Software\Keil_v5\ARM\ARMCC\Bin
C Compiler:      Armcc.exe V5.06 update 5 (build 528)
Assembler:       Armasm.exe V5.06 update 5 (build 528)
Linker/Locator:  ArmLink.exe V5.06 update 5 (build 528)
Library Manager: ArmAr.exe V5.06 update 5 (build 528)
Hex Converter:   FromElf.exe V5.06 update 5 (build 528)
CPU DLL:         SARMCM3.DLL V5.24.1
Dialog DLL:      DCM.DLL V1.16.0.0
Target DLL:      UL2CM3.DLL V1.160.3.0
Dialog DLL:      TCM.DLL V1.32.0.0
 
<h2>Project:</h2>
N:\RealTimeOS\lab5.uvprojx
Project File Date:  07/23/2019

<h2>Output:</h2>
*** Using Compiler 'V5.06 update 5 (build 528)', folder: 'C:\Software\Keil_v5\ARM\ARMCC\Bin'
Rebuild target 'Target 1'
compiling Retarget.c...
compiling context.c...
assembling startup_LPC17xx.s...
compiling main_default.c...
beta_os_defines.h(114): warning:  #1-D: last line of file ends without a newline
  #endif
beta_os_scheduler.h(14): warning:  #188-D: enumerated type mixed with another type
  osBetaFPPScheduler_t scheduler = { .bitVector = 0x0, .readyList = { 
ULL, 
ULL, 
ULL, 
ULL, 
ULL } };
beta_os_scheduler.h(14): warning:  #188-D: enumerated type mixed with another type
  osBetaFPPScheduler_t scheduler = { .bitVector = 0x0, .readyList = { 
ULL, 
ULL, 
ULL, 
ULL, 
ULL } };
beta_os_scheduler.h(95): warning:  #1-D: last line of file ends without a newline
  #endif
blocking_semaphore.h(87): warning:  #1-D: last line of file ends without a newline
  #endif
beta_os_mutex.h(11): warning:  #68-D: integer conversion resulted in a change of sign
  		m->owner = -1;
beta_os_mutex.h(116): warning:  #68-D: integer conversion resulted in a change of sign
  			m->owner = -1;
beta_os_mutex.h(123): warning:  #1-D: last line of file ends without a newline
  #endif
beta_os.h(165): warning:  #1-D: last line of file ends without a newline
  #endif
test_suite.h(13): warning:  #177-D: variable "argument"  was declared but never referenced
  	uint32_t *argument = args;
test_suite.h(36): warning:  #177-D: variable "argument"  was declared but never referenced
  	uint32_t *argument = args;
test_suite.h(61): warning:  #177-D: variable "argument"  was declared but never referenced
  	uint32_t *argument = args;
test_suite.h(208): warning:  #1-D: last line of file ends without a newline
  }
main_default.c: 13 warnings, 0 errors
compiling uart.c...
compiling system_LPC17xx.c...
linking...
Program Size: Code=4416 RO-data=236 RW-data=292 ZI-data=8484  
".\Objects\lab5.axf" - 0 Error(s), 13 Warning(s).

<h2>Software Packages used:</h2>

Package Vendor: ARM
                http://www.keil.com/pack/ARM.CMSIS.5.4.0.pack
                ARM.CMSIS.5.4.0
                CMSIS (Cortex Microcontroller Software Interface Standard)
   * Component: CORE Version: 5.1.2

Package Vendor: Keil
                http://www.keil.com/pack/Keil.LPC1700_DFP.2.4.0.pack
                Keil.LPC1700_DFP.2.4.0
                NXP LPC1700 Series Device Support, Drivers and Examples for MCB1700 and LPC1788-32
   * Component: Startup Version: 1.0.0

<h2>Collection of Component include folders:</h2>
  .\RTE\Device\LPC1768
  .\RTE\_Target_1
  C:\Software\Keil_v5\ARM\PACK\ARM\CMSIS\5.4.0\CMSIS\Core\Include
  C:\Software\Keil_v5\ARM\PACK\Keil\LPC1700_DFP\2.4.0\Device\Include

<h2>Collection of Component Files used:</h2>

   * Component: Keil::Device:Startup:1.0.0
      Include file:  Device\Include\LPC17xx.h
      Source file:   Device\Source\ARM\startup_LPC17xx.s
      Include file:  RTE_Driver\Config\RTE_Device.h
      Source file:   Device\Source\system_LPC17xx.c

   * Component: ARM::CMSIS:CORE:5.1.2
Build Time Elapsed:  00:00:02
</pre>
</body>
</html>
