Component: ARM Compiler 5.06 update 5 (build 528) Tool: armlink [4d35e2]

==============================================================================

Section Cross References

    main_default.o(i.PendSV_Handler) refers to _printf_percent.o(.ARM.Collect$$_printf_percent$$00000000) for _printf_percent
    main_default.o(i.PendSV_Handler) refers to _printf_d.o(.ARM.Collect$$_printf_percent$$00000009) for _printf_d
    main_default.o(i.PendSV_Handler) refers to _printf_dec.o(.text) for _printf_int_dec
    main_default.o(i.PendSV_Handler) refers to main_default.o(i.runScheduler) for runScheduler
    main_default.o(i.PendSV_Handler) refers to noretval__2printf.o(.text) for __2printf
    main_default.o(i.PendSV_Handler) refers to context.o(.emb_text) for storeContext
    main_default.o(i.PendSV_Handler) refers to main_default.o(i.addThreadToScheduler) for addThreadToScheduler
    main_default.o(i.PendSV_Handler) refers to main_default.o(.data) for osInitialized
    main_default.o(i.SysTick_Handler) refers to main_default.o(i.triggerPendSV) for triggerPendSV
    main_default.o(i.SysTick_Handler) refers to main_default.o(.data) for msTicks
    main_default.o(i.acquire) refers to _printf_percent.o(.ARM.Collect$$_printf_percent$$00000000) for _printf_percent
    main_default.o(i.acquire) refers to _printf_d.o(.ARM.Collect$$_printf_percent$$00000009) for _printf_d
    main_default.o(i.acquire) refers to _printf_dec.o(.text) for _printf_int_dec
    main_default.o(i.acquire) refers to noretval__2printf.o(.text) for __2printf
    main_default.o(i.acquire) refers to main_default.o(i.blockTaskMutex) for blockTaskMutex
    main_default.o(i.addThreadToScheduler) refers to main_default.o(i.setBitVector) for setBitVector
    main_default.o(i.addThreadToScheduler) refers to main_default.o(.bss) for scheduler
    main_default.o(i.blockTask) refers to _printf_percent.o(.ARM.Collect$$_printf_percent$$00000000) for _printf_percent
    main_default.o(i.blockTask) refers to _printf_d.o(.ARM.Collect$$_printf_percent$$00000009) for _printf_d
    main_default.o(i.blockTask) refers to _printf_dec.o(.text) for _printf_int_dec
    main_default.o(i.blockTask) refers to noretval__2printf.o(.text) for __2printf
    main_default.o(i.blockTask) refers to main_default.o(i.triggerPendSV) for triggerPendSV
    main_default.o(i.blockTask) refers to main_default.o(.data) for runningTask
    main_default.o(i.blockTaskMutex) refers to _printf_percent.o(.ARM.Collect$$_printf_percent$$00000000) for _printf_percent
    main_default.o(i.blockTaskMutex) refers to _printf_d.o(.ARM.Collect$$_printf_percent$$00000009) for _printf_d
    main_default.o(i.blockTaskMutex) refers to _printf_dec.o(.text) for _printf_int_dec
    main_default.o(i.blockTaskMutex) refers to noretval__2printf.o(.text) for __2printf
    main_default.o(i.blockTaskMutex) refers to main_default.o(i.getThread) for getThread
    main_default.o(i.blockTaskMutex) refers to main_default.o(i.removeThreadFromScheduler) for removeThreadFromScheduler
    main_default.o(i.blockTaskMutex) refers to main_default.o(i.addThreadToScheduler) for addThreadToScheduler
    main_default.o(i.blockTaskMutex) refers to main_default.o(i.triggerPendSV) for triggerPendSV
    main_default.o(i.blockTaskMutex) refers to main_default.o(.data) for runningTask
    main_default.o(i.clearBitVector) refers to main_default.o(.bss) for scheduler
    main_default.o(i.getHighestPriority) refers to main_default.o(.bss) for scheduler
    main_default.o(i.getThread) refers to main_default.o(.data) for tcb
    main_default.o(i.initMutex) refers to main_default.o(i.getNextId) for getNextId
    main_default.o(i.initMutex) refers to main_default.o(.data) for next_mutex_id
    main_default.o(i.initSemaphore) refers to main_default.o(i.getNextId) for getNextId
    main_default.o(i.initSemaphore) refers to main_default.o(.data) for next_semaphore_id
    main_default.o(i.main) refers to noretval__2printf.o(.text) for __2printf
    main_default.o(i.main) refers to main_default.o(i.osBetaInitialize) for osBetaInitialize
    main_default.o(i.main) refers to main_default.o(i.runTest2) for runTest2
    main_default.o(i.main) refers to main_default.o(i.osBetaStart) for osBetaStart
    main_default.o(i.main) refers to system_lpc17xx.o(.data) for SystemCoreClock
    main_default.o(i.main) refers to main_default.o(.data) for msTicks
    main_default.o(i.osBetaCreateThread) refers to _printf_percent.o(.ARM.Collect$$_printf_percent$$00000000) for _printf_percent
    main_default.o(i.osBetaCreateThread) refers to _printf_d.o(.ARM.Collect$$_printf_percent$$00000009) for _printf_d
    main_default.o(i.osBetaCreateThread) refers to _printf_dec.o(.text) for _printf_int_dec
    main_default.o(i.osBetaCreateThread) refers to main_default.o(i.getNextId) for getNextId
    main_default.o(i.osBetaCreateThread) refers to noretval__2printf.o(.text) for __2printf
    main_default.o(i.osBetaCreateThread) refers to main_default.o(i.addThreadToScheduler) for addThreadToScheduler
    main_default.o(i.osBetaCreateThread) refers to main_default.o(i.triggerPendSV) for triggerPendSV
    main_default.o(i.osBetaCreateThread) refers to main_default.o(.data) for next_thread_id
    main_default.o(i.osBetaInitialize) refers to noretval__2printf.o(.text) for __2printf
    main_default.o(i.osBetaInitialize) refers to rt_memcpy_v6.o(.text) for __aeabi_memcpy
    main_default.o(i.osBetaInitialize) refers to main_default.o(i.getNextId) for getNextId
    main_default.o(i.osBetaInitialize) refers to main_default.o(.data) for tcb
    main_default.o(i.osBetaStart) refers to noretval__2printf.o(.text) for __2printf
    main_default.o(i.release) refers to _printf_percent.o(.ARM.Collect$$_printf_percent$$00000000) for _printf_percent
    main_default.o(i.release) refers to _printf_d.o(.ARM.Collect$$_printf_percent$$00000009) for _printf_d
    main_default.o(i.release) refers to _printf_dec.o(.text) for _printf_int_dec
    main_default.o(i.release) refers to noretval__2printf.o(.text) for __2printf
    main_default.o(i.release) refers to main_default.o(i.getThread) for getThread
    main_default.o(i.release) refers to main_default.o(i.unblockTaskMutex) for unblockTaskMutex
    main_default.o(i.removeThreadFromScheduler) refers to main_default.o(i.clearBitVector) for clearBitVector
    main_default.o(i.removeThreadFromScheduler) refers to main_default.o(.bss) for scheduler
    main_default.o(i.runScheduler) refers to main_default.o(i.getHighestPriority) for getHighestPriority
    main_default.o(i.runScheduler) refers to main_default.o(i.removeThreadFromScheduler) for removeThreadFromScheduler
    main_default.o(i.runScheduler) refers to main_default.o(.data) for runningTask
    main_default.o(i.runTest1) refers to main_default.o(i.initMutex) for initMutex
    main_default.o(i.runTest1) refers to main_default.o(i.osBetaCreateThread) for osBetaCreateThread
    main_default.o(i.runTest1) refers to main_default.o(.bss) for mutex
    main_default.o(i.runTest1) refers to main_default.o(i.test1Thread1) for test1Thread1
    main_default.o(i.runTest2) refers to main_default.o(i.initSemaphore) for initSemaphore
    main_default.o(i.runTest2) refers to main_default.o(i.osBetaCreateThread) for osBetaCreateThread
    main_default.o(i.runTest2) refers to main_default.o(.bss) for sem
    main_default.o(i.runTest2) refers to main_default.o(i.test2Thread1) for test2Thread1
    main_default.o(i.runTest2) refers to main_default.o(i.test2Thread2) for test2Thread2
    main_default.o(i.runTest2) refers to main_default.o(i.test2Thread3) for test2Thread3
    main_default.o(i.setBitVector) refers to main_default.o(.bss) for scheduler
    main_default.o(i.signal) refers to _printf_percent.o(.ARM.Collect$$_printf_percent$$00000000) for _printf_percent
    main_default.o(i.signal) refers to _printf_d.o(.ARM.Collect$$_printf_percent$$00000009) for _printf_d
    main_default.o(i.signal) refers to _printf_dec.o(.text) for _printf_int_dec
    main_default.o(i.signal) refers to noretval__2printf.o(.text) for __2printf
    main_default.o(i.signal) refers to main_default.o(i.unblockTask) for unblockTask
    main_default.o(i.test1Thread1) refers to main_default.o(i.acquire) for acquire
    main_default.o(i.test1Thread1) refers to noretval__2printf.o(.text) for __2printf
    main_default.o(i.test1Thread1) refers to main_default.o(i.osBetaCreateThread) for osBetaCreateThread
    main_default.o(i.test1Thread1) refers to main_default.o(i.release) for release
    main_default.o(i.test1Thread1) refers to main_default.o(.data) for runningTask
    main_default.o(i.test1Thread1) refers to main_default.o(.bss) for mutex
    main_default.o(i.test1Thread1) refers to main_default.o(i.test1Thread2) for test1Thread2
    main_default.o(i.test1Thread2) refers to noretval__2printf.o(.text) for __2printf
    main_default.o(i.test1Thread2) refers to main_default.o(i.osBetaCreateThread) for osBetaCreateThread
    main_default.o(i.test1Thread2) refers to main_default.o(.data) for msTicks
    main_default.o(i.test1Thread2) refers to main_default.o(i.test1Thread3) for test1Thread3
    main_default.o(i.test1Thread3) refers to main_default.o(i.acquire) for acquire
    main_default.o(i.test1Thread3) refers to noretval__2printf.o(.text) for __2printf
    main_default.o(i.test1Thread3) refers to main_default.o(i.release) for release
    main_default.o(i.test1Thread3) refers to main_default.o(.data) for runningTask
    main_default.o(i.test1Thread3) refers to main_default.o(.bss) for mutex
    main_default.o(i.test2Thread1) refers to _printf_percent.o(.ARM.Collect$$_printf_percent$$00000000) for _printf_percent
    main_default.o(i.test2Thread1) refers to _printf_d.o(.ARM.Collect$$_printf_percent$$00000009) for _printf_d
    main_default.o(i.test2Thread1) refers to _printf_dec.o(.text) for _printf_int_dec
    main_default.o(i.test2Thread1) refers to main_default.o(i.wait) for wait
    main_default.o(i.test2Thread1) refers to main_default.o(i.acquire) for acquire
    main_default.o(i.test2Thread1) refers to noretval__2printf.o(.text) for __2printf
    main_default.o(i.test2Thread1) refers to main_default.o(i.release) for release
    main_default.o(i.test2Thread1) refers to main_default.o(.data) for runningTask
    main_default.o(i.test2Thread1) refers to main_default.o(.bss) for sem
    main_default.o(i.test2Thread2) refers to _printf_percent.o(.ARM.Collect$$_printf_percent$$00000000) for _printf_percent
    main_default.o(i.test2Thread2) refers to _printf_d.o(.ARM.Collect$$_printf_percent$$00000009) for _printf_d
    main_default.o(i.test2Thread2) refers to _printf_dec.o(.text) for _printf_int_dec
    main_default.o(i.test2Thread2) refers to main_default.o(i.wait) for wait
    main_default.o(i.test2Thread2) refers to noretval__2printf.o(.text) for __2printf
    main_default.o(i.test2Thread2) refers to main_default.o(i.signal) for signal
    main_default.o(i.test2Thread2) refers to main_default.o(.data) for runningTask
    main_default.o(i.test2Thread2) refers to main_default.o(.bss) for sem
    main_default.o(i.test2Thread3) refers to _printf_percent.o(.ARM.Collect$$_printf_percent$$00000000) for _printf_percent
    main_default.o(i.test2Thread3) refers to _printf_d.o(.ARM.Collect$$_printf_percent$$00000009) for _printf_d
    main_default.o(i.test2Thread3) refers to _printf_dec.o(.text) for _printf_int_dec
    main_default.o(i.test2Thread3) refers to main_default.o(i.wait) for wait
    main_default.o(i.test2Thread3) refers to main_default.o(i.release) for release
    main_default.o(i.test2Thread3) refers to noretval__2printf.o(.text) for __2printf
    main_default.o(i.test2Thread3) refers to main_default.o(.data) for runningTask
    main_default.o(i.test2Thread3) refers to main_default.o(.bss) for sem
    main_default.o(i.unblockTask) refers to _printf_percent.o(.ARM.Collect$$_printf_percent$$00000000) for _printf_percent
    main_default.o(i.unblockTask) refers to _printf_d.o(.ARM.Collect$$_printf_percent$$00000009) for _printf_d
    main_default.o(i.unblockTask) refers to _printf_dec.o(.text) for _printf_int_dec
    main_default.o(i.unblockTask) refers to noretval__2printf.o(.text) for __2printf
    main_default.o(i.unblockTask) refers to main_default.o(i.addThreadToScheduler) for addThreadToScheduler
    main_default.o(i.unblockTask) refers to main_default.o(i.triggerPendSV) for triggerPendSV
    main_default.o(i.unblockTaskMutex) refers to _printf_percent.o(.ARM.Collect$$_printf_percent$$00000000) for _printf_percent
    main_default.o(i.unblockTaskMutex) refers to _printf_d.o(.ARM.Collect$$_printf_percent$$00000009) for _printf_d
    main_default.o(i.unblockTaskMutex) refers to _printf_dec.o(.text) for _printf_int_dec
    main_default.o(i.unblockTaskMutex) refers to noretval__2printf.o(.text) for __2printf
    main_default.o(i.unblockTaskMutex) refers to main_default.o(i.getHighestWaitListPriority) for getHighestWaitListPriority
    main_default.o(i.unblockTaskMutex) refers to main_default.o(i.acquire) for acquire
    main_default.o(i.unblockTaskMutex) refers to main_default.o(i.addThreadToScheduler) for addThreadToScheduler
    main_default.o(i.unblockTaskMutex) refers to main_default.o(i.triggerPendSV) for triggerPendSV
    main_default.o(i.wait) refers to _printf_percent.o(.ARM.Collect$$_printf_percent$$00000000) for _printf_percent
    main_default.o(i.wait) refers to _printf_d.o(.ARM.Collect$$_printf_percent$$00000009) for _printf_d
    main_default.o(i.wait) refers to _printf_dec.o(.text) for _printf_int_dec
    main_default.o(i.wait) refers to noretval__2printf.o(.text) for __2printf
    main_default.o(i.wait) refers to main_default.o(i.blockTask) for blockTask
    retarget.o(i._ttywrch) refers to retarget.o(i.sendchar) for sendchar
    retarget.o(i.fgetc) refers to retarget.o(i.getkey) for getkey
    retarget.o(i.fgetc) refers to retarget.o(i.sendchar) for sendchar
    retarget.o(i.fputc) refers to retarget.o(i.sendchar) for sendchar
    retarget.o(i.getkey) refers to uart.o(i.UARTInit) for UARTInit
    retarget.o(i.getkey) refers to uart.o(i.UARTReceiveChar) for UARTReceiveChar
    retarget.o(i.getkey) refers to retarget.o(.data) for uart_init_called
    retarget.o(i.sendchar) refers to uart.o(i.UARTInit) for UARTInit
    retarget.o(i.sendchar) refers to uart.o(i.UARTSendChar) for UARTSendChar
    retarget.o(i.sendchar) refers to retarget.o(.data) for uart_init_called
    uart.o(i.FreeRcv) refers to uart.o(i.Free) for Free
    uart.o(i.FreeRcv) refers to uart.o(.data) for RcvLock0
    uart.o(i.FreeSnd) refers to uart.o(i.Free) for Free
    uart.o(i.FreeSnd) refers to uart.o(.data) for SndLock0
    uart.o(i.LockRcv) refers to uart.o(i.Lock) for Lock
    uart.o(i.LockRcv) refers to uart.o(.data) for RcvLock0
    uart.o(i.LockSnd) refers to uart.o(i.Lock) for Lock
    uart.o(i.LockSnd) refers to uart.o(.data) for SndLock0
    uart.o(i.UART0_IRQHandler) refers to uart.o(.bss) for UART0Buffer
    uart.o(i.UART0_IRQHandler) refers to uart.o(.data) for UART0Count
    uart.o(i.UART1_IRQHandler) refers to uart.o(.bss) for UART1Buffer
    uart.o(i.UART1_IRQHandler) refers to uart.o(.data) for UART1Count
    uart.o(i.UARTInit) refers to uart.o(i.getFrequency) for getFrequency
    uart.o(i.UARTInit) refers to uart.o(i.__NVIC_EnableIRQ) for __NVIC_EnableIRQ
    uart.o(i.UARTInit) refers to uart.o(i.FreeRcv) for FreeRcv
    uart.o(i.UARTInit) refers to uart.o(i.FreeSnd) for FreeSnd
    uart.o(i.UARTRecieve) refers to uart.o(i.LockRcv) for LockRcv
    uart.o(i.UARTRecieve) refers to uart.o(i.FreeRcv) for FreeRcv
    uart.o(i.UARTRecieve) refers to uart.o(.data) for UART0Count
    uart.o(i.UARTRecieve) refers to uart.o(.bss) for UART0Buffer
    uart.o(i.UARTSend) refers to uart.o(i.LockSnd) for LockSnd
    uart.o(i.UARTSend) refers to uart.o(i.FreeSnd) for FreeSnd
    uart.o(i.UARTSend) refers to uart.o(.data) for UART0TxEmpty
    uart.o(i.getFrequency) refers to system_lpc17xx.o(.data) for SystemCoreClock
    startup_lpc17xx.o(STACK) refers (Special) to heapauxi.o(.text) for __use_two_region_memory
    startup_lpc17xx.o(HEAP) refers (Special) to heapauxi.o(.text) for __use_two_region_memory
    startup_lpc17xx.o(RESET) refers (Special) to heapauxi.o(.text) for __use_two_region_memory
    startup_lpc17xx.o(RESET) refers to startup_lpc17xx.o(STACK) for __initial_sp
    startup_lpc17xx.o(RESET) refers to startup_lpc17xx.o(.text) for Reset_Handler
    startup_lpc17xx.o(RESET) refers to main_default.o(i.PendSV_Handler) for PendSV_Handler
    startup_lpc17xx.o(RESET) refers to main_default.o(i.SysTick_Handler) for SysTick_Handler
    startup_lpc17xx.o(RESET) refers to uart.o(i.UART0_IRQHandler) for UART0_IRQHandler
    startup_lpc17xx.o(RESET) refers to uart.o(i.UART1_IRQHandler) for UART1_IRQHandler
    startup_lpc17xx.o(.ARM.__at_0x02FC) refers (Special) to heapauxi.o(.text) for __use_two_region_memory
    startup_lpc17xx.o(.text) refers (Special) to heapauxi.o(.text) for __use_two_region_memory
    startup_lpc17xx.o(.text) refers to system_lpc17xx.o(i.SystemInit) for SystemInit
    startup_lpc17xx.o(.text) refers to __main.o(!!!main) for __main
    startup_lpc17xx.o(.text) refers to startup_lpc17xx.o(HEAP) for Heap_Mem
    startup_lpc17xx.o(.text) refers to startup_lpc17xx.o(STACK) for Stack_Mem
    system_lpc17xx.o(i.SystemCoreClockUpdate) refers to lludivv7m.o(.text) for __aeabi_uldivmod
    system_lpc17xx.o(i.SystemCoreClockUpdate) refers to system_lpc17xx.o(.data) for SystemCoreClock
    __2printf.o(.text) refers to _printf_char_file.o(.text) for _printf_char_file
    __2printf.o(.text) refers to retarget.o(.data) for __stdout
    noretval__2printf.o(.text) refers to _printf_char_file.o(.text) for _printf_char_file
    noretval__2printf.o(.text) refers to retarget.o(.data) for __stdout
    __printf.o(.text) refers to _printf_percent.o(.ARM.Collect$$_printf_percent$$00000000) for _printf_percent
    _printf_dec.o(.text) refers to _printf_intcommon.o(.text) for _printf_int_common
    __printf_flags.o(.text) refers to _printf_percent.o(.ARM.Collect$$_printf_percent$$00000000) for _printf_percent
    __printf_flags.o(.text) refers to __printf_flags.o(.constdata) for .constdata
    __printf_ss.o(.text) refers to _printf_percent.o(.ARM.Collect$$_printf_percent$$00000000) for _printf_percent
    __printf_flags_ss.o(.text) refers to _printf_percent.o(.ARM.Collect$$_printf_percent$$00000000) for _printf_percent
    __printf_flags_ss.o(.text) refers to __printf_flags_ss.o(.constdata) for .constdata
    __printf_wp.o(.text) refers to __printf_wp.o(i._is_digit) for _is_digit
    __printf_wp.o(.text) refers to _printf_percent.o(.ARM.Collect$$_printf_percent$$00000000) for _printf_percent
    __printf_flags_wp.o(.text) refers to __printf_wp.o(i._is_digit) for _is_digit
    __printf_flags_wp.o(.text) refers to _printf_percent.o(.ARM.Collect$$_printf_percent$$00000000) for _printf_percent
    __printf_flags_wp.o(.text) refers to __printf_flags_wp.o(.constdata) for .constdata
    __printf_ss_wp.o(.text) refers to __printf_wp.o(i._is_digit) for _is_digit
    __printf_ss_wp.o(.text) refers to _printf_percent.o(.ARM.Collect$$_printf_percent$$00000000) for _printf_percent
    __printf_flags_ss_wp.o(.text) refers to __printf_wp.o(i._is_digit) for _is_digit
    __printf_flags_ss_wp.o(.text) refers to _printf_percent.o(.ARM.Collect$$_printf_percent$$00000000) for _printf_percent
    __printf_flags_ss_wp.o(.text) refers to __printf_flags_ss_wp.o(.constdata) for .constdata
    _printf_d.o(.ARM.Collect$$_printf_percent$$00000009) refers (Weak) to _printf_dec.o(.text) for _printf_int_dec
    _printf_percent.o(.ARM.Collect$$_printf_percent$$00000000) refers (Special) to _printf_percent_end.o(.ARM.Collect$$_printf_percent$$00000017) for _printf_percent_end
    rt_memcpy_v6.o(.text) refers to rt_memcpy_w.o(.text) for __aeabi_memcpy4
    __main.o(!!!main) refers to __rtentry.o(.ARM.Collect$$rtentry$$00000000) for __rt_entry
    __rtentry.o(.ARM.Collect$$rtentry$$00000000) refers (Special) to __rtentry2.o(.ARM.Collect$$rtentry$$0000000A) for __rt_entry_li
    __rtentry.o(.ARM.Collect$$rtentry$$00000000) refers (Special) to __rtentry2.o(.ARM.Collect$$rtentry$$0000000D) for __rt_entry_main
    __rtentry.o(.ARM.Collect$$rtentry$$00000000) refers (Special) to __rtentry2.o(.ARM.Collect$$rtentry$$0000000C) for __rt_entry_postli_1
    __rtentry.o(.ARM.Collect$$rtentry$$00000000) refers (Special) to __rtentry2.o(.ARM.Collect$$rtentry$$00000009) for __rt_entry_postsh_1
    __rtentry.o(.ARM.Collect$$rtentry$$00000000) refers (Special) to __rtentry2.o(.ARM.Collect$$rtentry$$00000002) for __rt_entry_presh_1
    __rtentry.o(.ARM.Collect$$rtentry$$00000000) refers (Special) to __rtentry4.o(.ARM.Collect$$rtentry$$00000004) for __rt_entry_sh
    aeabi_ldiv0_sigfpe.o(.text) refers to rt_div0.o(.text) for __rt_div0
    _printf_char_file.o(.text) refers to _printf_char_common.o(.text) for _printf_char_common
    _printf_char_file.o(.text) refers to retarget.o(i.ferror) for ferror
    _printf_char_file.o(.text) refers to retarget.o(i.fputc) for fputc
    __rtentry2.o(.ARM.Collect$$rtentry$$00000008) refers to boardinit2.o(.text) for _platform_post_stackheap_init
    __rtentry2.o(.ARM.Collect$$rtentry$$0000000A) refers to libinit.o(.ARM.Collect$$libinit$$00000000) for __rt_lib_init
    __rtentry2.o(.ARM.Collect$$rtentry$$0000000B) refers to boardinit3.o(.text) for _platform_post_lib_init
    __rtentry2.o(.ARM.Collect$$rtentry$$0000000D) refers to main_default.o(i.main) for main
    __rtentry2.o(.ARM.Collect$$rtentry$$0000000D) refers to exit.o(.text) for exit
    __rtentry2.o(.ARM.exidx) refers to __rtentry2.o(.ARM.Collect$$rtentry$$00000001) for .ARM.Collect$$rtentry$$00000001
    __rtentry2.o(.ARM.exidx) refers to __rtentry2.o(.ARM.Collect$$rtentry$$00000008) for .ARM.Collect$$rtentry$$00000008
    __rtentry2.o(.ARM.exidx) refers to __rtentry2.o(.ARM.Collect$$rtentry$$0000000A) for .ARM.Collect$$rtentry$$0000000A
    __rtentry2.o(.ARM.exidx) refers to __rtentry2.o(.ARM.Collect$$rtentry$$0000000B) for .ARM.Collect$$rtentry$$0000000B
    __rtentry2.o(.ARM.exidx) refers to __rtentry2.o(.ARM.Collect$$rtentry$$0000000D) for .ARM.Collect$$rtentry$$0000000D
    __rtentry4.o(.ARM.Collect$$rtentry$$00000004) refers to sys_stackheap_outer.o(.text) for __user_setup_stackheap
    __rtentry4.o(.ARM.exidx) refers to __rtentry4.o(.ARM.Collect$$rtentry$$00000004) for .ARM.Collect$$rtentry$$00000004
    rt_div0.o(.text) refers to defsig_fpe_outer.o(.text) for __rt_SIGFPE
    _printf_char_common.o(.text) refers to __printf.o(.text) for __printf
    sys_stackheap_outer.o(.text) refers to libspace.o(.text) for __user_perproc_libspace
    sys_stackheap_outer.o(.text) refers to startup_lpc17xx.o(.text) for __user_initial_stackheap
    exit.o(.text) refers to rtexit.o(.ARM.Collect$$rtexit$$00000000) for __rt_exit
    defsig_fpe_outer.o(.text) refers to defsig_fpe_inner.o(.text) for __rt_SIGFPE_inner
    defsig_fpe_outer.o(.text) refers to defsig_exit.o(.text) for __sig_exit
    defsig_fpe_formal.o(.text) refers to rt_raise.o(.text) for __rt_raise
    libinit.o(.ARM.Collect$$libinit$$00000000) refers (Special) to libinit2.o(.ARM.Collect$$libinit$$0000002E) for __rt_lib_init_alloca_1
    libinit.o(.ARM.Collect$$libinit$$00000000) refers (Special) to libinit2.o(.ARM.Collect$$libinit$$0000002C) for __rt_lib_init_argv_1
    libinit.o(.ARM.Collect$$libinit$$00000000) refers (Special) to libinit2.o(.ARM.Collect$$libinit$$0000001B) for __rt_lib_init_atexit_1
    libinit.o(.ARM.Collect$$libinit$$00000000) refers (Special) to libinit2.o(.ARM.Collect$$libinit$$00000021) for __rt_lib_init_clock_1
    libinit.o(.ARM.Collect$$libinit$$00000000) refers (Special) to libinit2.o(.ARM.Collect$$libinit$$00000032) for __rt_lib_init_cpp_1
    libinit.o(.ARM.Collect$$libinit$$00000000) refers (Special) to libinit2.o(.ARM.Collect$$libinit$$00000030) for __rt_lib_init_exceptions_1
    libinit.o(.ARM.Collect$$libinit$$00000000) refers (Special) to libinit2.o(.ARM.Collect$$libinit$$00000002) for __rt_lib_init_fp_1
    libinit.o(.ARM.Collect$$libinit$$00000000) refers (Special) to libinit2.o(.ARM.Collect$$libinit$$0000001F) for __rt_lib_init_fp_trap_1
    libinit.o(.ARM.Collect$$libinit$$00000000) refers (Special) to libinit2.o(.ARM.Collect$$libinit$$00000023) for __rt_lib_init_getenv_1
    libinit.o(.ARM.Collect$$libinit$$00000000) refers (Special) to libinit2.o(.ARM.Collect$$libinit$$0000000A) for __rt_lib_init_heap_1
    libinit.o(.ARM.Collect$$libinit$$00000000) refers (Special) to libinit2.o(.ARM.Collect$$libinit$$00000011) for __rt_lib_init_lc_collate_1
    libinit.o(.ARM.Collect$$libinit$$00000000) refers (Special) to libinit2.o(.ARM.Collect$$libinit$$00000013) for __rt_lib_init_lc_ctype_1
    libinit.o(.ARM.Collect$$libinit$$00000000) refers (Special) to libinit2.o(.ARM.Collect$$libinit$$00000015) for __rt_lib_init_lc_monetary_1
    libinit.o(.ARM.Collect$$libinit$$00000000) refers (Special) to libinit2.o(.ARM.Collect$$libinit$$00000017) for __rt_lib_init_lc_numeric_1
    libinit.o(.ARM.Collect$$libinit$$00000000) refers (Special) to libinit2.o(.ARM.Collect$$libinit$$00000019) for __rt_lib_init_lc_time_1
    libinit.o(.ARM.Collect$$libinit$$00000000) refers (Special) to libinit2.o(.ARM.Collect$$libinit$$00000004) for __rt_lib_init_preinit_1
    libinit.o(.ARM.Collect$$libinit$$00000000) refers (Special) to libinit2.o(.ARM.Collect$$libinit$$0000000E) for __rt_lib_init_rand_1
    libinit.o(.ARM.Collect$$libinit$$00000000) refers (Special) to libinit2.o(.ARM.Collect$$libinit$$00000033) for __rt_lib_init_return
    libinit.o(.ARM.Collect$$libinit$$00000000) refers (Special) to libinit2.o(.ARM.Collect$$libinit$$0000001D) for __rt_lib_init_signal_1
    libinit.o(.ARM.Collect$$libinit$$00000000) refers (Special) to libinit2.o(.ARM.Collect$$libinit$$00000025) for __rt_lib_init_stdio_1
    libinit.o(.ARM.Collect$$libinit$$00000000) refers (Special) to libinit2.o(.ARM.Collect$$libinit$$0000000C) for __rt_lib_init_user_alloc_1
    libspace.o(.text) refers to libspace.o(.bss) for __libspace_start
    rtexit.o(.ARM.Collect$$rtexit$$00000000) refers (Special) to rtexit2.o(.ARM.Collect$$rtexit$$00000004) for __rt_exit_exit
    rtexit.o(.ARM.Collect$$rtexit$$00000000) refers (Special) to rtexit2.o(.ARM.Collect$$rtexit$$00000003) for __rt_exit_ls
    rtexit.o(.ARM.Collect$$rtexit$$00000000) refers (Special) to rtexit2.o(.ARM.Collect$$rtexit$$00000002) for __rt_exit_prels_1
    rtexit.o(.ARM.exidx) refers (Special) to rtexit2.o(.ARM.Collect$$rtexit$$00000004) for __rt_exit_exit
    rtexit.o(.ARM.exidx) refers (Special) to rtexit2.o(.ARM.Collect$$rtexit$$00000003) for __rt_exit_ls
    rtexit.o(.ARM.exidx) refers (Special) to rtexit2.o(.ARM.Collect$$rtexit$$00000002) for __rt_exit_prels_1
    rtexit.o(.ARM.exidx) refers to rtexit.o(.ARM.Collect$$rtexit$$00000000) for .ARM.Collect$$rtexit$$00000000
    rt_raise.o(.text) refers to __raise.o(.text) for __raise
    rt_raise.o(.text) refers to retarget.o(i._sys_exit) for _sys_exit
    defsig_exit.o(.text) refers to retarget.o(i._sys_exit) for _sys_exit
    defsig_fpe_inner.o(.text) refers to defsig_general.o(.text) for __default_signal_display
    libinit2.o(.ARM.Collect$$libinit$$00000010) refers to libinit2.o(.ARM.Collect$$libinit$$0000000F) for .ARM.Collect$$libinit$$0000000F
    libinit2.o(.ARM.Collect$$libinit$$00000012) refers to libinit2.o(.ARM.Collect$$libinit$$0000000F) for .ARM.Collect$$libinit$$0000000F
    libinit2.o(.ARM.Collect$$libinit$$00000014) refers to libinit2.o(.ARM.Collect$$libinit$$0000000F) for .ARM.Collect$$libinit$$0000000F
    libinit2.o(.ARM.Collect$$libinit$$00000016) refers to libinit2.o(.ARM.Collect$$libinit$$0000000F) for .ARM.Collect$$libinit$$0000000F
    libinit2.o(.ARM.Collect$$libinit$$00000018) refers to libinit2.o(.ARM.Collect$$libinit$$0000000F) for .ARM.Collect$$libinit$$0000000F
    libinit2.o(.ARM.Collect$$libinit$$00000026) refers to argv_veneer.o(.emb_text) for __ARM_argv_veneer
    libinit2.o(.ARM.Collect$$libinit$$00000027) refers to argv_veneer.o(.emb_text) for __ARM_argv_veneer
    rtexit2.o(.ARM.Collect$$rtexit$$00000003) refers to libshutdown.o(.ARM.Collect$$libshutdown$$00000000) for __rt_lib_shutdown
    rtexit2.o(.ARM.Collect$$rtexit$$00000004) refers to retarget.o(i._sys_exit) for _sys_exit
    rtexit2.o(.ARM.exidx) refers to rtexit2.o(.ARM.Collect$$rtexit$$00000001) for .ARM.Collect$$rtexit$$00000001
    rtexit2.o(.ARM.exidx) refers to rtexit2.o(.ARM.Collect$$rtexit$$00000003) for .ARM.Collect$$rtexit$$00000003
    rtexit2.o(.ARM.exidx) refers to rtexit2.o(.ARM.Collect$$rtexit$$00000004) for .ARM.Collect$$rtexit$$00000004
    __raise.o(.text) refers to defsig.o(CL$$defsig) for __default_signal_handler
    defsig_general.o(.text) refers to retarget.o(i._ttywrch) for _ttywrch
    argv_veneer.o(.emb_text) refers to no_argv.o(.text) for __ARM_get_argv
    defsig.o(CL$$defsig) refers to defsig_fpe_inner.o(.text) for __rt_SIGFPE_inner
    defsig.o(CL$$defsig) refers to defsig_rtmem_inner.o(.text) for __rt_SIGRTMEM_inner
    _get_argv_nomalloc.o(.text) refers (Special) to hrguard.o(.text) for __heap_region$guard
    _get_argv_nomalloc.o(.text) refers to defsig_rtmem_outer.o(.text) for __rt_SIGRTMEM
    _get_argv_nomalloc.o(.text) refers to sys_command.o(.text) for _sys_command_string
    libshutdown.o(.ARM.Collect$$libshutdown$$00000000) refers (Special) to libshutdown2.o(.ARM.Collect$$libshutdown$$00000002) for __rt_lib_shutdown_cpp_1
    libshutdown.o(.ARM.Collect$$libshutdown$$00000000) refers (Special) to libshutdown2.o(.ARM.Collect$$libshutdown$$00000007) for __rt_lib_shutdown_fp_trap_1
    libshutdown.o(.ARM.Collect$$libshutdown$$00000000) refers (Special) to libshutdown2.o(.ARM.Collect$$libshutdown$$0000000F) for __rt_lib_shutdown_heap_1
    libshutdown.o(.ARM.Collect$$libshutdown$$00000000) refers (Special) to libshutdown2.o(.ARM.Collect$$libshutdown$$00000010) for __rt_lib_shutdown_return
    libshutdown.o(.ARM.Collect$$libshutdown$$00000000) refers (Special) to libshutdown2.o(.ARM.Collect$$libshutdown$$0000000A) for __rt_lib_shutdown_signal_1
    libshutdown.o(.ARM.Collect$$libshutdown$$00000000) refers (Special) to libshutdown2.o(.ARM.Collect$$libshutdown$$00000004) for __rt_lib_shutdown_stdio_1
    libshutdown.o(.ARM.Collect$$libshutdown$$00000000) refers (Special) to libshutdown2.o(.ARM.Collect$$libshutdown$$0000000C) for __rt_lib_shutdown_user_alloc_1
    sys_command.o(.text) refers (Special) to use_no_semi.o(.text) for __I$use$semihosting
    sys_command.o(.text) refers (Special) to indicate_semi.o(.text) for __semihosting_library_function
    defsig_abrt_inner.o(.text) refers to defsig_general.o(.text) for __default_signal_display
    defsig_rtred_inner.o(.text) refers to defsig_general.o(.text) for __default_signal_display
    defsig_rtmem_inner.o(.text) refers to defsig_general.o(.text) for __default_signal_display
    defsig_rtmem_outer.o(.text) refers to defsig_rtmem_inner.o(.text) for __rt_SIGRTMEM_inner
    defsig_rtmem_outer.o(.text) refers to defsig_exit.o(.text) for __sig_exit
    defsig_rtmem_formal.o(.text) refers to rt_raise.o(.text) for __rt_raise
    defsig_stak_inner.o(.text) refers to defsig_general.o(.text) for __default_signal_display
    defsig_pvfn_inner.o(.text) refers to defsig_general.o(.text) for __default_signal_display
    defsig_cppl_inner.o(.text) refers to defsig_general.o(.text) for __default_signal_display
    defsig_segv_inner.o(.text) refers to defsig_general.o(.text) for __default_signal_display
    defsig_other.o(.text) refers to defsig_general.o(.text) for __default_signal_display


==============================================================================

Removing Unused input sections from the image.

    Removing main_default.o(.rev16_text), (4 bytes).
    Removing main_default.o(.revsh_text), (4 bytes).
    Removing main_default.o(.rrx_text), (6 bytes).
    Removing main_default.o(i.initMutex), (32 bytes).
    Removing main_default.o(i.runTest1), (32 bytes).
    Removing main_default.o(i.test1Thread1), (172 bytes).
    Removing main_default.o(i.test1Thread2), (104 bytes).
    Removing main_default.o(i.test1Thread3), (104 bytes).
    Removing retarget.o(i._ttywrch), (12 bytes).
    Removing retarget.o(i.fgetc), (20 bytes).
    Removing retarget.o(i.getkey), (36 bytes).
    Removing uart.o(.rev16_text), (4 bytes).
    Removing uart.o(.revsh_text), (4 bytes).
    Removing uart.o(.rrx_text), (6 bytes).
    Removing uart.o(i.Lock), (28 bytes).
    Removing uart.o(i.LockRcv), (36 bytes).
    Removing uart.o(i.LockSnd), (36 bytes).
    Removing uart.o(i.UARTReceiveChar), (36 bytes).
    Removing uart.o(i.UARTRecieve), (160 bytes).
    Removing uart.o(i.UARTSend), (132 bytes).
    Removing system_lpc17xx.o(.rev16_text), (4 bytes).
    Removing system_lpc17xx.o(.revsh_text), (4 bytes).
    Removing system_lpc17xx.o(.rrx_text), (6 bytes).
    Removing system_lpc17xx.o(i.SystemCoreClockUpdate), (424 bytes).

24 unused section(s) (total 1406 bytes) removed from the image.

==============================================================================

Image Symbol Table

    Local Symbols

    Symbol Name                              Value     Ov Type        Size  Object(Section)

    RESET                                    0x00000000   Section      204  startup_lpc17xx.o(RESET)
    ../clib/angel/boardlib.s                 0x00000000   Number         0  boardshut.o ABSOLUTE
    ../clib/angel/boardlib.s                 0x00000000   Number         0  boardinit1.o ABSOLUTE
    ../clib/angel/boardlib.s                 0x00000000   Number         0  boardinit2.o ABSOLUTE
    ../clib/angel/boardlib.s                 0x00000000   Number         0  boardinit3.o ABSOLUTE
    ../clib/angel/handlers.s                 0x00000000   Number         0  __scatter_zi.o ABSOLUTE
    ../clib/angel/handlers.s                 0x00000000   Number         0  __scatter_copy.o ABSOLUTE
    ../clib/angel/kernel.s                   0x00000000   Number         0  rtexit2.o ABSOLUTE
    ../clib/angel/kernel.s                   0x00000000   Number         0  __rtentry4.o ABSOLUTE
    ../clib/angel/kernel.s                   0x00000000   Number         0  rtexit.o ABSOLUTE
    ../clib/angel/kernel.s                   0x00000000   Number         0  __rtentry2.o ABSOLUTE
    ../clib/angel/kernel.s                   0x00000000   Number         0  __rtentry.o ABSOLUTE
    ../clib/angel/rt.s                       0x00000000   Number         0  rt_div0.o ABSOLUTE
    ../clib/angel/rt.s                       0x00000000   Number         0  aeabi_ldiv0_sigfpe.o ABSOLUTE
    ../clib/angel/rt.s                       0x00000000   Number         0  rt_raise.o ABSOLUTE
    ../clib/angel/rt.s                       0x00000000   Number         0  aeabi_ldiv0.o ABSOLUTE
    ../clib/angel/scatter.s                  0x00000000   Number         0  __scatter.o ABSOLUTE
    ../clib/angel/startup.s                  0x00000000   Number         0  __main.o ABSOLUTE
    ../clib/angel/sys.s                      0x00000000   Number         0  sys_stackheap_outer.o ABSOLUTE
    ../clib/angel/sys.s                      0x00000000   Number         0  libspace.o ABSOLUTE
    ../clib/angel/sys.s                      0x00000000   Number         0  indicate_semi.o ABSOLUTE
    ../clib/angel/sys.s                      0x00000000   Number         0  use_no_semi.o ABSOLUTE
    ../clib/angel/sysapp.c                   0x00000000   Number         0  sys_command.o ABSOLUTE
    ../clib/armsys.c                         0x00000000   Number         0  argv_veneer.o ABSOLUTE
    ../clib/armsys.c                         0x00000000   Number         0  argv_veneer.o ABSOLUTE
    ../clib/armsys.c                         0x00000000   Number         0  no_argv.o ABSOLUTE
    ../clib/armsys.c                         0x00000000   Number         0  _get_argv_nomalloc.o ABSOLUTE
    ../clib/heapalloc.c                      0x00000000   Number         0  hrguard.o ABSOLUTE
    ../clib/heapaux.c                        0x00000000   Number         0  heapauxi.o ABSOLUTE
    ../clib/libinit.s                        0x00000000   Number         0  libshutdown.o ABSOLUTE
    ../clib/libinit.s                        0x00000000   Number         0  libinit2.o ABSOLUTE
    ../clib/libinit.s                        0x00000000   Number         0  libshutdown2.o ABSOLUTE
    ../clib/libinit.s                        0x00000000   Number         0  libinit.o ABSOLUTE
    ../clib/longlong.s                       0x00000000   Number         0  lludivv7m.o ABSOLUTE
    ../clib/memcpset.s                       0x00000000   Number         0  rt_memcpy_w.o ABSOLUTE
    ../clib/memcpset.s                       0x00000000   Number         0  rt_memcpy_v6.o ABSOLUTE
    ../clib/printf.c                         0x00000000   Number         0  __printf_wp.o ABSOLUTE
    ../clib/printf.c                         0x00000000   Number         0  _printf_intcommon.o ABSOLUTE
    ../clib/printf.c                         0x00000000   Number         0  _printf_char_file.o ABSOLUTE
    ../clib/printf.c                         0x00000000   Number         0  _printf_dec.o ABSOLUTE
    ../clib/printf.c                         0x00000000   Number         0  __printf.o ABSOLUTE
    ../clib/printf.c                         0x00000000   Number         0  noretval__2printf.o ABSOLUTE
    ../clib/printf.c                         0x00000000   Number         0  __printf_flags_ss_wp.o ABSOLUTE
    ../clib/printf.c                         0x00000000   Number         0  __printf_ss_wp.o ABSOLUTE
    ../clib/printf.c                         0x00000000   Number         0  _printf_char_common.o ABSOLUTE
    ../clib/printf.c                         0x00000000   Number         0  __printf_flags_wp.o ABSOLUTE
    ../clib/printf.c                         0x00000000   Number         0  __printf_flags.o ABSOLUTE
    ../clib/printf.c                         0x00000000   Number         0  __2printf.o ABSOLUTE
    ../clib/printf.c                         0x00000000   Number         0  __printf_ss.o ABSOLUTE
    ../clib/printf.c                         0x00000000   Number         0  __printf_nopercent.o ABSOLUTE
    ../clib/printf.c                         0x00000000   Number         0  __printf_flags_ss.o ABSOLUTE
    ../clib/printf_percent.s                 0x00000000   Number         0  _printf_percent_end.o ABSOLUTE
    ../clib/printf_percent.s                 0x00000000   Number         0  _printf_percent.o ABSOLUTE
    ../clib/printf_percent.s                 0x00000000   Number         0  _printf_d.o ABSOLUTE
    ../clib/signal.c                         0x00000000   Number         0  defsig_rtmem_inner.o ABSOLUTE
    ../clib/signal.c                         0x00000000   Number         0  defsig_rtmem_outer.o ABSOLUTE
    ../clib/signal.c                         0x00000000   Number         0  defsig_rtmem_formal.o ABSOLUTE
    ../clib/signal.c                         0x00000000   Number         0  defsig_stak_inner.o ABSOLUTE
    ../clib/signal.c                         0x00000000   Number         0  defsig_pvfn_inner.o ABSOLUTE
    ../clib/signal.c                         0x00000000   Number         0  defsig_general.o ABSOLUTE
    ../clib/signal.c                         0x00000000   Number         0  __raise.o ABSOLUTE
    ../clib/signal.c                         0x00000000   Number         0  defsig_cppl_inner.o ABSOLUTE
    ../clib/signal.c                         0x00000000   Number         0  defsig_other.o ABSOLUTE
    ../clib/signal.c                         0x00000000   Number         0  defsig_abrt_inner.o ABSOLUTE
    ../clib/signal.c                         0x00000000   Number         0  defsig_fpe_inner.o ABSOLUTE
    ../clib/signal.c                         0x00000000   Number         0  defsig_exit.o ABSOLUTE
    ../clib/signal.c                         0x00000000   Number         0  defsig_fpe_formal.o ABSOLUTE
    ../clib/signal.c                         0x00000000   Number         0  defsig_fpe_outer.o ABSOLUTE
    ../clib/signal.c                         0x00000000   Number         0  defsig_segv_inner.o ABSOLUTE
    ../clib/signal.c                         0x00000000   Number         0  defsig_rtred_inner.o ABSOLUTE
    ../clib/signal.s                         0x00000000   Number         0  defsig.o ABSOLUTE
    ../clib/stdlib.c                         0x00000000   Number         0  exit.o ABSOLUTE
    ../fplib/fpinit.s                        0x00000000   Number         0  fpinit.o ABSOLUTE
    RTE\Device\LPC1768\startup_LPC17xx.s     0x00000000   Number         0  startup_lpc17xx.o ABSOLUTE
    RTE\Device\LPC1768\system_LPC17xx.c      0x00000000   Number         0  system_lpc17xx.o ABSOLUTE
    RTE\\Device\\LPC1768\\system_LPC17xx.c   0x00000000   Number         0  system_lpc17xx.o ABSOLUTE
    Retarget.c                               0x00000000   Number         0  retarget.o ABSOLUTE
    context.c                                0x00000000   Number         0  context.o ABSOLUTE
    context.c                                0x00000000   Number         0  context.o ABSOLUTE
    dc.s                                     0x00000000   Number         0  dc.o ABSOLUTE
    main_default.c                           0x00000000   Number         0  main_default.o ABSOLUTE
    main_default.c                           0x00000000   Number         0  main_default.o ABSOLUTE
    uart.c                                   0x00000000   Number         0  uart.o ABSOLUTE
    uart.c                                   0x00000000   Number         0  uart.o ABSOLUTE
    !!!main                                  0x000000cc   Section        8  __main.o(!!!main)
    !!!scatter                               0x000000d4   Section       52  __scatter.o(!!!scatter)
    !!handler_copy                           0x00000108   Section       26  __scatter_copy.o(!!handler_copy)
    !!handler_zi                             0x00000124   Section       28  __scatter_zi.o(!!handler_zi)
    .ARM.Collect$$_printf_percent$$00000000  0x00000140   Section        0  _printf_percent.o(.ARM.Collect$$_printf_percent$$00000000)
    .ARM.Collect$$_printf_percent$$00000009  0x00000140   Section        6  _printf_d.o(.ARM.Collect$$_printf_percent$$00000009)
    .ARM.Collect$$_printf_percent$$00000017  0x00000146   Section        4  _printf_percent_end.o(.ARM.Collect$$_printf_percent$$00000017)
    .ARM.Collect$$libinit$$00000000          0x0000014a   Section        2  libinit.o(.ARM.Collect$$libinit$$00000000)
    .ARM.Collect$$libinit$$00000002          0x0000014c   Section        0  libinit2.o(.ARM.Collect$$libinit$$00000002)
    .ARM.Collect$$libinit$$00000004          0x0000014c   Section        0  libinit2.o(.ARM.Collect$$libinit$$00000004)
    .ARM.Collect$$libinit$$0000000A          0x0000014c   Section        0  libinit2.o(.ARM.Collect$$libinit$$0000000A)
    .ARM.Collect$$libinit$$0000000C          0x0000014c   Section        0  libinit2.o(.ARM.Collect$$libinit$$0000000C)
    .ARM.Collect$$libinit$$0000000E          0x0000014c   Section        0  libinit2.o(.ARM.Collect$$libinit$$0000000E)
    .ARM.Collect$$libinit$$00000011          0x0000014c   Section        0  libinit2.o(.ARM.Collect$$libinit$$00000011)
    .ARM.Collect$$libinit$$00000013          0x0000014c   Section        0  libinit2.o(.ARM.Collect$$libinit$$00000013)
    .ARM.Collect$$libinit$$00000015          0x0000014c   Section        0  libinit2.o(.ARM.Collect$$libinit$$00000015)
    .ARM.Collect$$libinit$$00000017          0x0000014c   Section        0  libinit2.o(.ARM.Collect$$libinit$$00000017)
    .ARM.Collect$$libinit$$00000019          0x0000014c   Section        0  libinit2.o(.ARM.Collect$$libinit$$00000019)
    .ARM.Collect$$libinit$$0000001B          0x0000014c   Section        0  libinit2.o(.ARM.Collect$$libinit$$0000001B)
    .ARM.Collect$$libinit$$0000001D          0x0000014c   Section        0  libinit2.o(.ARM.Collect$$libinit$$0000001D)
    .ARM.Collect$$libinit$$0000001F          0x0000014c   Section        0  libinit2.o(.ARM.Collect$$libinit$$0000001F)
    .ARM.Collect$$libinit$$00000021          0x0000014c   Section        0  libinit2.o(.ARM.Collect$$libinit$$00000021)
    .ARM.Collect$$libinit$$00000023          0x0000014c   Section        0  libinit2.o(.ARM.Collect$$libinit$$00000023)
    .ARM.Collect$$libinit$$00000025          0x0000014c   Section        0  libinit2.o(.ARM.Collect$$libinit$$00000025)
    .ARM.Collect$$libinit$$0000002C          0x0000014c   Section        0  libinit2.o(.ARM.Collect$$libinit$$0000002C)
    .ARM.Collect$$libinit$$0000002E          0x0000014c   Section        0  libinit2.o(.ARM.Collect$$libinit$$0000002E)
    .ARM.Collect$$libinit$$00000030          0x0000014c   Section        0  libinit2.o(.ARM.Collect$$libinit$$00000030)
    .ARM.Collect$$libinit$$00000032          0x0000014c   Section        0  libinit2.o(.ARM.Collect$$libinit$$00000032)
    .ARM.Collect$$libinit$$00000033          0x0000014c   Section        2  libinit2.o(.ARM.Collect$$libinit$$00000033)
    .ARM.Collect$$libshutdown$$00000000      0x0000014e   Section        2  libshutdown.o(.ARM.Collect$$libshutdown$$00000000)
    .ARM.Collect$$libshutdown$$00000002      0x00000150   Section        0  libshutdown2.o(.ARM.Collect$$libshutdown$$00000002)
    .ARM.Collect$$libshutdown$$00000004      0x00000150   Section        0  libshutdown2.o(.ARM.Collect$$libshutdown$$00000004)
    .ARM.Collect$$libshutdown$$00000007      0x00000150   Section        0  libshutdown2.o(.ARM.Collect$$libshutdown$$00000007)
    .ARM.Collect$$libshutdown$$0000000A      0x00000150   Section        0  libshutdown2.o(.ARM.Collect$$libshutdown$$0000000A)
    .ARM.Collect$$libshutdown$$0000000C      0x00000150   Section        0  libshutdown2.o(.ARM.Collect$$libshutdown$$0000000C)
    .ARM.Collect$$libshutdown$$0000000F      0x00000150   Section        0  libshutdown2.o(.ARM.Collect$$libshutdown$$0000000F)
    .ARM.Collect$$libshutdown$$00000010      0x00000150   Section        2  libshutdown2.o(.ARM.Collect$$libshutdown$$00000010)
    .ARM.Collect$$rtentry$$00000000          0x00000152   Section        0  __rtentry.o(.ARM.Collect$$rtentry$$00000000)
    .ARM.Collect$$rtentry$$00000002          0x00000152   Section        0  __rtentry2.o(.ARM.Collect$$rtentry$$00000002)
    .ARM.Collect$$rtentry$$00000004          0x00000152   Section        6  __rtentry4.o(.ARM.Collect$$rtentry$$00000004)
    .ARM.Collect$$rtentry$$00000009          0x00000158   Section        0  __rtentry2.o(.ARM.Collect$$rtentry$$00000009)
    .ARM.Collect$$rtentry$$0000000A          0x00000158   Section        4  __rtentry2.o(.ARM.Collect$$rtentry$$0000000A)
    .ARM.Collect$$rtentry$$0000000C          0x0000015c   Section        0  __rtentry2.o(.ARM.Collect$$rtentry$$0000000C)
    .ARM.Collect$$rtentry$$0000000D          0x0000015c   Section        8  __rtentry2.o(.ARM.Collect$$rtentry$$0000000D)
    .ARM.Collect$$rtexit$$00000000           0x00000164   Section        2  rtexit.o(.ARM.Collect$$rtexit$$00000000)
    .ARM.Collect$$rtexit$$00000002           0x00000166   Section        0  rtexit2.o(.ARM.Collect$$rtexit$$00000002)
    .ARM.Collect$$rtexit$$00000003           0x00000166   Section        4  rtexit2.o(.ARM.Collect$$rtexit$$00000003)
    .ARM.Collect$$rtexit$$00000004           0x0000016a   Section        6  rtexit2.o(.ARM.Collect$$rtexit$$00000004)
    .emb_text                                0x00000170   Section       20  context.o(.emb_text)
    .text                                    0x00000184   Section       60  startup_lpc17xx.o(.text)
    .text                                    0x000001c0   Section        0  noretval__2printf.o(.text)
    .text                                    0x000001d8   Section        0  __printf.o(.text)
    .text                                    0x00000240   Section        0  _printf_dec.o(.text)
    .text                                    0x000002b8   Section        0  heapauxi.o(.text)
    .text                                    0x000002c0   Section        0  _printf_char_file.o(.text)
    .text                                    0x000002e4   Section        0  exit.o(.text)
    i.Free                                   0x000002f6   Section        0  uart.o(i.Free)
    .ARM.__at_0x02FC                         0x000002fc   Section        4  startup_lpc17xx.o(.ARM.__at_0x02FC)
    .text                                    0x00000300   Section      138  rt_memcpy_v6.o(.text)
    .text                                    0x0000038a   Section        0  _printf_intcommon.o(.text)
    .text                                    0x0000043c   Section      100  rt_memcpy_w.o(.text)
    .text                                    0x000004a0   Section        0  _printf_char_common.o(.text)
    _printf_input_char                       0x000004a1   Thumb Code    10  _printf_char_common.o(.text)
    .text                                    0x000004d0   Section       74  sys_stackheap_outer.o(.text)
    .text                                    0x0000051c   Section        8  libspace.o(.text)
    i.FreeRcv                                0x00000524   Section        0  uart.o(i.FreeRcv)
    i.FreeSnd                                0x00000548   Section        0  uart.o(i.FreeSnd)
    i.PendSV_Handler                         0x0000056c   Section        0  main_default.o(i.PendSV_Handler)
    i.SysTick_Handler                        0x00000694   Section        0  main_default.o(i.SysTick_Handler)
    i.SystemInit                             0x000006bc   Section        0  system_lpc17xx.o(i.SystemInit)
    i.UART0_IRQHandler                       0x000007fc   Section        0  uart.o(i.UART0_IRQHandler)
    i.UART1_IRQHandler                       0x00000864   Section        0  uart.o(i.UART1_IRQHandler)
    i.UARTInit                               0x000008d4   Section        0  uart.o(i.UARTInit)
    i.UARTSendChar                           0x00000990   Section        0  uart.o(i.UARTSendChar)
    i.__NVIC_EnableIRQ                       0x000009b4   Section        0  uart.o(i.__NVIC_EnableIRQ)
    __NVIC_EnableIRQ                         0x000009b5   Thumb Code    26  uart.o(i.__NVIC_EnableIRQ)
    i._sys_exit                              0x000009ce   Section        0  retarget.o(i._sys_exit)
    i.acquire                                0x000009d4   Section        0  main_default.o(i.acquire)
    i.addThreadToScheduler                   0x00000a50   Section        0  main_default.o(i.addThreadToScheduler)
    i.blockTask                              0x00000a84   Section        0  main_default.o(i.blockTask)
    i.blockTaskMutex                         0x00000ad8   Section        0  main_default.o(i.blockTaskMutex)
    i.clearBitVector                         0x00000b64   Section        0  main_default.o(i.clearBitVector)
    i.ferror                                 0x00000b78   Section        0  retarget.o(i.ferror)
    i.fputc                                  0x00000b80   Section        0  retarget.o(i.fputc)
    i.getFrequency                           0x00000b90   Section        0  uart.o(i.getFrequency)
    i.getHighestPriority                     0x00000bd8   Section        0  main_default.o(i.getHighestPriority)
    i.getHighestWaitListPriority             0x00000c04   Section        0  main_default.o(i.getHighestWaitListPriority)
    i.getNextId                              0x00000c22   Section        0  main_default.o(i.getNextId)
    i.getThread                              0x00000c30   Section        0  main_default.o(i.getThread)
    i.initSemaphore                          0x00000c44   Section        0  main_default.o(i.initSemaphore)
    i.main                                   0x00000c60   Section        0  main_default.o(i.main)
    i.osBetaCreateThread                     0x00000d04   Section        0  main_default.o(i.osBetaCreateThread)
    i.osBetaInitialize                       0x00000dc8   Section        0  main_default.o(i.osBetaInitialize)
    i.osBetaStart                            0x00000ee0   Section        0  main_default.o(i.osBetaStart)
    i.release                                0x00000f00   Section        0  main_default.o(i.release)
    i.removeThreadFromScheduler              0x00000f8c   Section        0  main_default.o(i.removeThreadFromScheduler)
    i.runScheduler                           0x00000fbc   Section        0  main_default.o(i.runScheduler)
    i.runTest2                               0x00000ff0   Section        0  main_default.o(i.runTest2)
    i.sendchar                               0x00001038   Section        0  retarget.o(i.sendchar)
    i.setBitVector                           0x0000107c   Section        0  main_default.o(i.setBitVector)
    i.signal                                 0x00001090   Section        0  main_default.o(i.signal)
    i.test2Thread1                           0x000010e0   Section        0  main_default.o(i.test2Thread1)
    i.test2Thread2                           0x0000119c   Section        0  main_default.o(i.test2Thread2)
    i.test2Thread3                           0x00001258   Section        0  main_default.o(i.test2Thread3)
    i.triggerPendSV                          0x000012e4   Section        0  main_default.o(i.triggerPendSV)
    i.unblockTask                            0x000012f8   Section        0  main_default.o(i.unblockTask)
    i.unblockTaskMutex                       0x00001340   Section        0  main_default.o(i.unblockTaskMutex)
    i.wait                                   0x000013a0   Section        0  main_default.o(i.wait)
    .data                                    0x10000000   Section      242  main_default.o(.data)
    .data                                    0x100000f4   Section       12  retarget.o(.data)
    .data                                    0x10000100   Section       32  uart.o(.data)
    .data                                    0x10000120   Section        4  system_lpc17xx.o(.data)
    .bss                                     0x10000124   Section       68  main_default.o(.bss)
    .bss                                     0x10000168   Section      128  uart.o(.bss)
    .bss                                     0x100001e8   Section       96  libspace.o(.bss)
    HEAP                                     0x10000248   Section        0  startup_lpc17xx.o(HEAP)
    STACK                                    0x10000248   Section     8192  startup_lpc17xx.o(STACK)
    Heap_Mem                                 0x10000248   Data           0  startup_lpc17xx.o(HEAP)
    Stack_Mem                                0x10000248   Data        8192  startup_lpc17xx.o(STACK)
    __initial_sp                             0x10002248   Data           0  startup_lpc17xx.o(STACK)

    Global Symbols

    Symbol Name                              Value     Ov Type        Size  Object(Section)

    BuildAttributes$$THM_ISAv4$P$D$K$B$S$PE$A:L22UL41UL21$X:L11$S22US41US21$IEEE1$IW$USESV6$~STKCKD$USESV7$~SHL$OSPACE$ROPI$EBA8$UX$STANDARDLIB$REQ8$PRES8$EABIv2 0x00000000   Number         0  anon$$obj.o ABSOLUTE
    __ARM_use_no_argv                        0x00000000   Number         0  main_default.o ABSOLUTE
    __Vectors                                0x00000000   Data           4  startup_lpc17xx.o(RESET)
    __ARM_exceptions_init                     - Undefined Weak Reference
    __alloca_initialize                       - Undefined Weak Reference
    __arm_preinit_                            - Undefined Weak Reference
    __cpp_initialize__aeabi_                  - Undefined Weak Reference
    __cxa_finalize                            - Undefined Weak Reference
    __rt_locale                               - Undefined Weak Reference
    __sigvec_lookup                           - Undefined Weak Reference
    _atexit_init                              - Undefined Weak Reference
    _call_atexit_fns                          - Undefined Weak Reference
    _clock_init                               - Undefined Weak Reference
    _fp_trap_init                             - Undefined Weak Reference
    _fp_trap_shutdown                         - Undefined Weak Reference
    _get_lc_collate                           - Undefined Weak Reference
    _get_lc_ctype                             - Undefined Weak Reference
    _get_lc_monetary                          - Undefined Weak Reference
    _get_lc_numeric                           - Undefined Weak Reference
    _get_lc_time                              - Undefined Weak Reference
    _getenv_init                              - Undefined Weak Reference
    _handle_redirection                       - Undefined Weak Reference
    _init_alloc                               - Undefined Weak Reference
    _init_user_alloc                          - Undefined Weak Reference
    _initio                                   - Undefined Weak Reference
    _printf_post_padding                      - Undefined Weak Reference
    _printf_pre_padding                       - Undefined Weak Reference
    _printf_truncate_signed                   - Undefined Weak Reference
    _printf_truncate_unsigned                 - Undefined Weak Reference
    _rand_init                                - Undefined Weak Reference
    _signal_finish                            - Undefined Weak Reference
    _signal_init                              - Undefined Weak Reference
    _terminate_alloc                          - Undefined Weak Reference
    _terminate_user_alloc                     - Undefined Weak Reference
    _terminateio                              - Undefined Weak Reference
    __main                                   0x000000cd   Thumb Code     8  __main.o(!!!main)
    __scatterload                            0x000000d5   Thumb Code     0  __scatter.o(!!!scatter)
    __scatterload_rt2                        0x000000d5   Thumb Code    44  __scatter.o(!!!scatter)
    __scatterload_rt2_thumb_only             0x000000d5   Thumb Code     0  __scatter.o(!!!scatter)
    __scatterload_null                       0x000000e3   Thumb Code     0  __scatter.o(!!!scatter)
    __scatterload_copy                       0x00000109   Thumb Code    26  __scatter_copy.o(!!handler_copy)
    __scatterload_zeroinit                   0x00000125   Thumb Code    28  __scatter_zi.o(!!handler_zi)
    _printf_d                                0x00000141   Thumb Code     0  _printf_d.o(.ARM.Collect$$_printf_percent$$00000009)
    _printf_percent                          0x00000141   Thumb Code     0  _printf_percent.o(.ARM.Collect$$_printf_percent$$00000000)
    _printf_percent_end                      0x00000147   Thumb Code     0  _printf_percent_end.o(.ARM.Collect$$_printf_percent$$00000017)
    __rt_lib_init                            0x0000014b   Thumb Code     0  libinit.o(.ARM.Collect$$libinit$$00000000)
    __rt_lib_init_alloca_1                   0x0000014d   Thumb Code     0  libinit2.o(.ARM.Collect$$libinit$$0000002E)
    __rt_lib_init_argv_1                     0x0000014d   Thumb Code     0  libinit2.o(.ARM.Collect$$libinit$$0000002C)
    __rt_lib_init_atexit_1                   0x0000014d   Thumb Code     0  libinit2.o(.ARM.Collect$$libinit$$0000001B)
    __rt_lib_init_clock_1                    0x0000014d   Thumb Code     0  libinit2.o(.ARM.Collect$$libinit$$00000021)
    __rt_lib_init_cpp_1                      0x0000014d   Thumb Code     0  libinit2.o(.ARM.Collect$$libinit$$00000032)
    __rt_lib_init_exceptions_1               0x0000014d   Thumb Code     0  libinit2.o(.ARM.Collect$$libinit$$00000030)
    __rt_lib_init_fp_1                       0x0000014d   Thumb Code     0  libinit2.o(.ARM.Collect$$libinit$$00000002)
    __rt_lib_init_fp_trap_1                  0x0000014d   Thumb Code     0  libinit2.o(.ARM.Collect$$libinit$$0000001F)
    __rt_lib_init_getenv_1                   0x0000014d   Thumb Code     0  libinit2.o(.ARM.Collect$$libinit$$00000023)
    __rt_lib_init_heap_1                     0x0000014d   Thumb Code     0  libinit2.o(.ARM.Collect$$libinit$$0000000A)
    __rt_lib_init_lc_collate_1               0x0000014d   Thumb Code     0  libinit2.o(.ARM.Collect$$libinit$$00000011)
    __rt_lib_init_lc_ctype_1                 0x0000014d   Thumb Code     0  libinit2.o(.ARM.Collect$$libinit$$00000013)
    __rt_lib_init_lc_monetary_1              0x0000014d   Thumb Code     0  libinit2.o(.ARM.Collect$$libinit$$00000015)
    __rt_lib_init_lc_numeric_1               0x0000014d   Thumb Code     0  libinit2.o(.ARM.Collect$$libinit$$00000017)
    __rt_lib_init_lc_time_1                  0x0000014d   Thumb Code     0  libinit2.o(.ARM.Collect$$libinit$$00000019)
    __rt_lib_init_preinit_1                  0x0000014d   Thumb Code     0  libinit2.o(.ARM.Collect$$libinit$$00000004)
    __rt_lib_init_rand_1                     0x0000014d   Thumb Code     0  libinit2.o(.ARM.Collect$$libinit$$0000000E)
    __rt_lib_init_return                     0x0000014d   Thumb Code     0  libinit2.o(.ARM.Collect$$libinit$$00000033)
    __rt_lib_init_signal_1                   0x0000014d   Thumb Code     0  libinit2.o(.ARM.Collect$$libinit$$0000001D)
    __rt_lib_init_stdio_1                    0x0000014d   Thumb Code     0  libinit2.o(.ARM.Collect$$libinit$$00000025)
    __rt_lib_init_user_alloc_1               0x0000014d   Thumb Code     0  libinit2.o(.ARM.Collect$$libinit$$0000000C)
    __rt_lib_shutdown                        0x0000014f   Thumb Code     0  libshutdown.o(.ARM.Collect$$libshutdown$$00000000)
    __rt_lib_shutdown_cpp_1                  0x00000151   Thumb Code     0  libshutdown2.o(.ARM.Collect$$libshutdown$$00000002)
    __rt_lib_shutdown_fp_trap_1              0x00000151   Thumb Code     0  libshutdown2.o(.ARM.Collect$$libshutdown$$00000007)
    __rt_lib_shutdown_heap_1                 0x00000151   Thumb Code     0  libshutdown2.o(.ARM.Collect$$libshutdown$$0000000F)
    __rt_lib_shutdown_return                 0x00000151   Thumb Code     0  libshutdown2.o(.ARM.Collect$$libshutdown$$00000010)
    __rt_lib_shutdown_signal_1               0x00000151   Thumb Code     0  libshutdown2.o(.ARM.Collect$$libshutdown$$0000000A)
    __rt_lib_shutdown_stdio_1                0x00000151   Thumb Code     0  libshutdown2.o(.ARM.Collect$$libshutdown$$00000004)
    __rt_lib_shutdown_user_alloc_1           0x00000151   Thumb Code     0  libshutdown2.o(.ARM.Collect$$libshutdown$$0000000C)
    __rt_entry                               0x00000153   Thumb Code     0  __rtentry.o(.ARM.Collect$$rtentry$$00000000)
    __rt_entry_presh_1                       0x00000153   Thumb Code     0  __rtentry2.o(.ARM.Collect$$rtentry$$00000002)
    __rt_entry_sh                            0x00000153   Thumb Code     0  __rtentry4.o(.ARM.Collect$$rtentry$$00000004)
    __rt_entry_li                            0x00000159   Thumb Code     0  __rtentry2.o(.ARM.Collect$$rtentry$$0000000A)
    __rt_entry_postsh_1                      0x00000159   Thumb Code     0  __rtentry2.o(.ARM.Collect$$rtentry$$00000009)
    __rt_entry_main                          0x0000015d   Thumb Code     0  __rtentry2.o(.ARM.Collect$$rtentry$$0000000D)
    __rt_entry_postli_1                      0x0000015d   Thumb Code     0  __rtentry2.o(.ARM.Collect$$rtentry$$0000000C)
    __rt_exit                                0x00000165   Thumb Code     0  rtexit.o(.ARM.Collect$$rtexit$$00000000)
    __rt_exit_ls                             0x00000167   Thumb Code     0  rtexit2.o(.ARM.Collect$$rtexit$$00000003)
    __rt_exit_prels_1                        0x00000167   Thumb Code     0  rtexit2.o(.ARM.Collect$$rtexit$$00000002)
    __rt_exit_exit                           0x0000016b   Thumb Code     0  rtexit2.o(.ARM.Collect$$rtexit$$00000004)
    storeContext                             0x00000171   Thumb Code    10  context.o(.emb_text)
    restoreContext                           0x0000017b   Thumb Code    10  context.o(.emb_text)
    Reset_Handler                            0x00000185   Thumb Code     8  startup_lpc17xx.o(.text)
    NMI_Handler                              0x0000018d   Thumb Code     2  startup_lpc17xx.o(.text)
    HardFault_Handler                        0x0000018f   Thumb Code     2  startup_lpc17xx.o(.text)
    MemManage_Handler                        0x00000191   Thumb Code     2  startup_lpc17xx.o(.text)
    BusFault_Handler                         0x00000193   Thumb Code     2  startup_lpc17xx.o(.text)
    UsageFault_Handler                       0x00000195   Thumb Code     2  startup_lpc17xx.o(.text)
    SVC_Handler                              0x00000197   Thumb Code     2  startup_lpc17xx.o(.text)
    DebugMon_Handler                         0x00000199   Thumb Code     2  startup_lpc17xx.o(.text)
    ADC_IRQHandler                           0x0000019f   Thumb Code     0  startup_lpc17xx.o(.text)
    BOD_IRQHandler                           0x0000019f   Thumb Code     0  startup_lpc17xx.o(.text)
    CANActivity_IRQHandler                   0x0000019f   Thumb Code     0  startup_lpc17xx.o(.text)
    CAN_IRQHandler                           0x0000019f   Thumb Code     0  startup_lpc17xx.o(.text)
    DMA_IRQHandler                           0x0000019f   Thumb Code     0  startup_lpc17xx.o(.text)
    EINT0_IRQHandler                         0x0000019f   Thumb Code     0  startup_lpc17xx.o(.text)
    EINT1_IRQHandler                         0x0000019f   Thumb Code     0  startup_lpc17xx.o(.text)
    EINT2_IRQHandler                         0x0000019f   Thumb Code     0  startup_lpc17xx.o(.text)
    EINT3_IRQHandler                         0x0000019f   Thumb Code     0  startup_lpc17xx.o(.text)
    ENET_IRQHandler                          0x0000019f   Thumb Code     0  startup_lpc17xx.o(.text)
    I2C0_IRQHandler                          0x0000019f   Thumb Code     0  startup_lpc17xx.o(.text)
    I2C1_IRQHandler                          0x0000019f   Thumb Code     0  startup_lpc17xx.o(.text)
    I2C2_IRQHandler                          0x0000019f   Thumb Code     0  startup_lpc17xx.o(.text)
    I2S_IRQHandler                           0x0000019f   Thumb Code     0  startup_lpc17xx.o(.text)
    MCPWM_IRQHandler                         0x0000019f   Thumb Code     0  startup_lpc17xx.o(.text)
    PLL0_IRQHandler                          0x0000019f   Thumb Code     0  startup_lpc17xx.o(.text)
    PLL1_IRQHandler                          0x0000019f   Thumb Code     0  startup_lpc17xx.o(.text)
    PWM1_IRQHandler                          0x0000019f   Thumb Code     0  startup_lpc17xx.o(.text)
    QEI_IRQHandler                           0x0000019f   Thumb Code     0  startup_lpc17xx.o(.text)
    RIT_IRQHandler                           0x0000019f   Thumb Code     0  startup_lpc17xx.o(.text)
    RTC_IRQHandler                           0x0000019f   Thumb Code     0  startup_lpc17xx.o(.text)
    SPI_IRQHandler                           0x0000019f   Thumb Code     0  startup_lpc17xx.o(.text)
    SSP0_IRQHandler                          0x0000019f   Thumb Code     0  startup_lpc17xx.o(.text)
    SSP1_IRQHandler                          0x0000019f   Thumb Code     0  startup_lpc17xx.o(.text)
    TIMER0_IRQHandler                        0x0000019f   Thumb Code     0  startup_lpc17xx.o(.text)
    TIMER1_IRQHandler                        0x0000019f   Thumb Code     0  startup_lpc17xx.o(.text)
    TIMER2_IRQHandler                        0x0000019f   Thumb Code     0  startup_lpc17xx.o(.text)
    TIMER3_IRQHandler                        0x0000019f   Thumb Code     0  startup_lpc17xx.o(.text)
    UART2_IRQHandler                         0x0000019f   Thumb Code     0  startup_lpc17xx.o(.text)
    UART3_IRQHandler                         0x0000019f   Thumb Code     0  startup_lpc17xx.o(.text)
    USBActivity_IRQHandler                   0x0000019f   Thumb Code     0  startup_lpc17xx.o(.text)
    USB_IRQHandler                           0x0000019f   Thumb Code     0  startup_lpc17xx.o(.text)
    WDT_IRQHandler                           0x0000019f   Thumb Code     0  startup_lpc17xx.o(.text)
    __user_initial_stackheap                 0x000001a1   Thumb Code     0  startup_lpc17xx.o(.text)
    __2printf                                0x000001c1   Thumb Code    20  noretval__2printf.o(.text)
    __printf                                 0x000001d9   Thumb Code   104  __printf.o(.text)
    _printf_int_dec                          0x00000241   Thumb Code   104  _printf_dec.o(.text)
    __use_two_region_memory                  0x000002b9   Thumb Code     2  heapauxi.o(.text)
    __rt_heap_escrow$2region                 0x000002bb   Thumb Code     2  heapauxi.o(.text)
    __rt_heap_expand$2region                 0x000002bd   Thumb Code     2  heapauxi.o(.text)
    _printf_char_file                        0x000002c1   Thumb Code    32  _printf_char_file.o(.text)
    exit                                     0x000002e5   Thumb Code    18  exit.o(.text)
    Free                                     0x000002f7   Thumb Code     6  uart.o(i.Free)
    __aeabi_memcpy                           0x00000301   Thumb Code     0  rt_memcpy_v6.o(.text)
    __rt_memcpy                              0x00000301   Thumb Code   138  rt_memcpy_v6.o(.text)
    _memcpy_lastbytes                        0x00000367   Thumb Code     0  rt_memcpy_v6.o(.text)
    _printf_int_common                       0x0000038b   Thumb Code   178  _printf_intcommon.o(.text)
    __aeabi_memcpy4                          0x0000043d   Thumb Code     0  rt_memcpy_w.o(.text)
    __aeabi_memcpy8                          0x0000043d   Thumb Code     0  rt_memcpy_w.o(.text)
    __rt_memcpy_w                            0x0000043d   Thumb Code   100  rt_memcpy_w.o(.text)
    _memcpy_lastbytes_aligned                0x00000485   Thumb Code     0  rt_memcpy_w.o(.text)
    _printf_char_common                      0x000004ab   Thumb Code    32  _printf_char_common.o(.text)
    __user_setup_stackheap                   0x000004d1   Thumb Code    74  sys_stackheap_outer.o(.text)
    __user_libspace                          0x0000051d   Thumb Code     8  libspace.o(.text)
    __user_perproc_libspace                  0x0000051d   Thumb Code     0  libspace.o(.text)
    __user_perthread_libspace                0x0000051d   Thumb Code     0  libspace.o(.text)
    FreeRcv                                  0x00000525   Thumb Code    28  uart.o(i.FreeRcv)
    FreeSnd                                  0x00000549   Thumb Code    28  uart.o(i.FreeSnd)
    PendSV_Handler                           0x0000056d   Thumb Code   178  main_default.o(i.PendSV_Handler)
    SysTick_Handler                          0x00000695   Thumb Code    36  main_default.o(i.SysTick_Handler)
    SystemInit                               0x000006bd   Thumb Code   302  system_lpc17xx.o(i.SystemInit)
    UART0_IRQHandler                         0x000007fd   Thumb Code    88  uart.o(i.UART0_IRQHandler)
    UART1_IRQHandler                         0x00000865   Thumb Code    90  uart.o(i.UART1_IRQHandler)
    UARTInit                                 0x000008d5   Thumb Code   176  uart.o(i.UARTInit)
    UARTSendChar                             0x00000991   Thumb Code    26  uart.o(i.UARTSendChar)
    _sys_exit                                0x000009cf   Thumb Code     4  retarget.o(i._sys_exit)
    acquire                                  0x000009d5   Thumb Code    52  main_default.o(i.acquire)
    addThreadToScheduler                     0x00000a51   Thumb Code    48  main_default.o(i.addThreadToScheduler)
    blockTask                                0x00000a85   Thumb Code    58  main_default.o(i.blockTask)
    blockTaskMutex                           0x00000ad9   Thumb Code   116  main_default.o(i.blockTaskMutex)
    clearBitVector                           0x00000b65   Thumb Code    16  main_default.o(i.clearBitVector)
    ferror                                   0x00000b79   Thumb Code     8  retarget.o(i.ferror)
    fputc                                    0x00000b81   Thumb Code    14  retarget.o(i.fputc)
    getFrequency                             0x00000b91   Thumb Code    62  uart.o(i.getFrequency)
    getHighestPriority                       0x00000bd9   Thumb Code    38  main_default.o(i.getHighestPriority)
    getHighestWaitListPriority               0x00000c05   Thumb Code    30  main_default.o(i.getHighestWaitListPriority)
    getNextId                                0x00000c23   Thumb Code    12  main_default.o(i.getNextId)
    getThread                                0x00000c31   Thumb Code    14  main_default.o(i.getThread)
    initSemaphore                            0x00000c45   Thumb Code    22  main_default.o(i.initSemaphore)
    main                                     0x00000c61   Thumb Code   124  main_default.o(i.main)
    osBetaCreateThread                       0x00000d05   Thumb Code   134  main_default.o(i.osBetaCreateThread)
    osBetaInitialize                         0x00000dc9   Thumb Code   196  main_default.o(i.osBetaInitialize)
    osBetaStart                              0x00000ee1   Thumb Code    12  main_default.o(i.osBetaStart)
    release                                  0x00000f01   Thumb Code    68  main_default.o(i.release)
    removeThreadFromScheduler                0x00000f8d   Thumb Code    44  main_default.o(i.removeThreadFromScheduler)
    runScheduler                             0x00000fbd   Thumb Code    46  main_default.o(i.runScheduler)
    runTest2                                 0x00000ff1   Thumb Code    54  main_default.o(i.runTest2)
    sendchar                                 0x00001039   Thumb Code    64  retarget.o(i.sendchar)
    setBitVector                             0x0000107d   Thumb Code    16  main_default.o(i.setBitVector)
    signal                                   0x00001091   Thumb Code    42  main_default.o(i.signal)
    test2Thread1                             0x000010e1   Thumb Code   112  main_default.o(i.test2Thread1)
    test2Thread2                             0x0000119d   Thumb Code   112  main_default.o(i.test2Thread2)
    test2Thread3                             0x00001259   Thumb Code    62  main_default.o(i.test2Thread3)
    triggerPendSV                            0x000012e5   Thumb Code    14  main_default.o(i.triggerPendSV)
    unblockTask                              0x000012f9   Thumb Code    46  main_default.o(i.unblockTask)
    unblockTaskMutex                         0x00001341   Thumb Code    70  main_default.o(i.unblockTaskMutex)
    wait                                     0x000013a1   Thumb Code    52  main_default.o(i.wait)
    Region$$Table$$Base                      0x00001430   Number         0  anon$$obj.o(Region$$Table)
    Region$$Table$$Limit                     0x00001450   Number         0  anon$$obj.o(Region$$Table)
    msTicks                                  0x10000000   Data           4  main_default.o(.data)
    next_thread_id                           0x10000004   Data           1  main_default.o(.data)
    next_mutex_id                            0x10000008   Data           4  main_default.o(.data)
    next_semaphore_id                        0x1000000c   Data           4  main_default.o(.data)
    tcb                                      0x10000010   Data         216  main_default.o(.data)
    runningTask                              0x100000e8   Data           4  main_default.o(.data)
    nextTask                                 0x100000ec   Data           4  main_default.o(.data)
    threadCreated                            0x100000f0   Data           1  main_default.o(.data)
    osInitialized                            0x100000f1   Data           1  main_default.o(.data)
    uart_init_called                         0x100000f4   Data           1  retarget.o(.data)
    __stdout                                 0x100000f8   Data           4  retarget.o(.data)
    __stdin                                  0x100000fc   Data           4  retarget.o(.data)
    ITM_RxBuffer                             0x10000100   Data           4  uart.o(.data)
    UART0Status                              0x10000104   Data           4  uart.o(.data)
    UART1Status                              0x10000108   Data           4  uart.o(.data)
    UART0TxEmpty                             0x1000010c   Data           1  uart.o(.data)
    UART1TxEmpty                             0x1000010d   Data           1  uart.o(.data)
    UART0Count                               0x10000110   Data           4  uart.o(.data)
    UART1Count                               0x10000114   Data           4  uart.o(.data)
    RcvLock0                                 0x10000118   Data           1  uart.o(.data)
    SndLock0                                 0x10000119   Data           1  uart.o(.data)
    RcvLock1                                 0x1000011a   Data           1  uart.o(.data)
    SndLock1                                 0x1000011b   Data           1  uart.o(.data)
    i                                        0x1000011c   Data           4  uart.o(.data)
    SystemCoreClock                          0x10000120   Data           4  system_lpc17xx.o(.data)
    scheduler                                0x10000124   Data          44  main_default.o(.bss)
    sem                                      0x10000150   Data          12  main_default.o(.bss)
    mutex                                    0x1000015c   Data          12  main_default.o(.bss)
    UART0Buffer                              0x10000168   Data          64  uart.o(.bss)
    UART1Buffer                              0x100001a8   Data          64  uart.o(.bss)
    __libspace_start                         0x100001e8   Data          96  libspace.o(.bss)
    __temporary_stack_top$libspace           0x10000248   Data           0  libspace.o(.bss)



==============================================================================

Memory Map of the image

  Image Entry point : 0x00000185

  Load Region LR_1 (Base: 0x00000000, Size: 0x00001574, Max: 0xffffffff, ABSOLUTE)

    Execution Region ER_RO (Exec base: 0x00000000, Load base: 0x00000000, Size: 0x00001450, Max: 0xffffffff, ABSOLUTE)

    Exec Addr    Load Addr    Size         Type   Attr      Idx    E Section Name        Object

    0x00000000   0x00000000   0x000000cc   Data   RO          486    RESET               startup_lpc17xx.o
    0x000000cc   0x000000cc   0x00000008   Code   RO          572  * !!!main             c_w.l(__main.o)
    0x000000d4   0x000000d4   0x00000034   Code   RO          746    !!!scatter          c_w.l(__scatter.o)
    0x00000108   0x00000108   0x0000001a   Code   RO          748    !!handler_copy      c_w.l(__scatter_copy.o)
    0x00000122   0x00000122   0x00000002   PAD
    0x00000124   0x00000124   0x0000001c   Code   RO          750    !!handler_zi        c_w.l(__scatter_zi.o)
    0x00000140   0x00000140   0x00000000   Code   RO          567    .ARM.Collect$$_printf_percent$$00000000  c_w.l(_printf_percent.o)
    0x00000140   0x00000140   0x00000006   Code   RO          566    .ARM.Collect$$_printf_percent$$00000009  c_w.l(_printf_d.o)
    0x00000146   0x00000146   0x00000004   Code   RO          583    .ARM.Collect$$_printf_percent$$00000017  c_w.l(_printf_percent_end.o)
    0x0000014a   0x0000014a   0x00000002   Code   RO          620    .ARM.Collect$$libinit$$00000000  c_w.l(libinit.o)
    0x0000014c   0x0000014c   0x00000000   Code   RO          633    .ARM.Collect$$libinit$$00000002  c_w.l(libinit2.o)
    0x0000014c   0x0000014c   0x00000000   Code   RO          635    .ARM.Collect$$libinit$$00000004  c_w.l(libinit2.o)
    0x0000014c   0x0000014c   0x00000000   Code   RO          638    .ARM.Collect$$libinit$$0000000A  c_w.l(libinit2.o)
    0x0000014c   0x0000014c   0x00000000   Code   RO          640    .ARM.Collect$$libinit$$0000000C  c_w.l(libinit2.o)
    0x0000014c   0x0000014c   0x00000000   Code   RO          642    .ARM.Collect$$libinit$$0000000E  c_w.l(libinit2.o)
    0x0000014c   0x0000014c   0x00000000   Code   RO          645    .ARM.Collect$$libinit$$00000011  c_w.l(libinit2.o)
    0x0000014c   0x0000014c   0x00000000   Code   RO          647    .ARM.Collect$$libinit$$00000013  c_w.l(libinit2.o)
    0x0000014c   0x0000014c   0x00000000   Code   RO          649    .ARM.Collect$$libinit$$00000015  c_w.l(libinit2.o)
    0x0000014c   0x0000014c   0x00000000   Code   RO          651    .ARM.Collect$$libinit$$00000017  c_w.l(libinit2.o)
    0x0000014c   0x0000014c   0x00000000   Code   RO          653    .ARM.Collect$$libinit$$00000019  c_w.l(libinit2.o)
    0x0000014c   0x0000014c   0x00000000   Code   RO          655    .ARM.Collect$$libinit$$0000001B  c_w.l(libinit2.o)
    0x0000014c   0x0000014c   0x00000000   Code   RO          657    .ARM.Collect$$libinit$$0000001D  c_w.l(libinit2.o)
    0x0000014c   0x0000014c   0x00000000   Code   RO          659    .ARM.Collect$$libinit$$0000001F  c_w.l(libinit2.o)
    0x0000014c   0x0000014c   0x00000000   Code   RO          661    .ARM.Collect$$libinit$$00000021  c_w.l(libinit2.o)
    0x0000014c   0x0000014c   0x00000000   Code   RO          663    .ARM.Collect$$libinit$$00000023  c_w.l(libinit2.o)
    0x0000014c   0x0000014c   0x00000000   Code   RO          665    .ARM.Collect$$libinit$$00000025  c_w.l(libinit2.o)
    0x0000014c   0x0000014c   0x00000000   Code   RO          669    .ARM.Collect$$libinit$$0000002C  c_w.l(libinit2.o)
    0x0000014c   0x0000014c   0x00000000   Code   RO          671    .ARM.Collect$$libinit$$0000002E  c_w.l(libinit2.o)
    0x0000014c   0x0000014c   0x00000000   Code   RO          673    .ARM.Collect$$libinit$$00000030  c_w.l(libinit2.o)
    0x0000014c   0x0000014c   0x00000000   Code   RO          675    .ARM.Collect$$libinit$$00000032  c_w.l(libinit2.o)
    0x0000014c   0x0000014c   0x00000002   Code   RO          676    .ARM.Collect$$libinit$$00000033  c_w.l(libinit2.o)
    0x0000014e   0x0000014e   0x00000002   Code   RO          700    .ARM.Collect$$libshutdown$$00000000  c_w.l(libshutdown.o)
    0x00000150   0x00000150   0x00000000   Code   RO          726    .ARM.Collect$$libshutdown$$00000002  c_w.l(libshutdown2.o)
    0x00000150   0x00000150   0x00000000   Code   RO          728    .ARM.Collect$$libshutdown$$00000004  c_w.l(libshutdown2.o)
    0x00000150   0x00000150   0x00000000   Code   RO          731    .ARM.Collect$$libshutdown$$00000007  c_w.l(libshutdown2.o)
    0x00000150   0x00000150   0x00000000   Code   RO          734    .ARM.Collect$$libshutdown$$0000000A  c_w.l(libshutdown2.o)
    0x00000150   0x00000150   0x00000000   Code   RO          736    .ARM.Collect$$libshutdown$$0000000C  c_w.l(libshutdown2.o)
    0x00000150   0x00000150   0x00000000   Code   RO          739    .ARM.Collect$$libshutdown$$0000000F  c_w.l(libshutdown2.o)
    0x00000150   0x00000150   0x00000002   Code   RO          740    .ARM.Collect$$libshutdown$$00000010  c_w.l(libshutdown2.o)
    0x00000152   0x00000152   0x00000000   Code   RO          574    .ARM.Collect$$rtentry$$00000000  c_w.l(__rtentry.o)
    0x00000152   0x00000152   0x00000000   Code   RO          587    .ARM.Collect$$rtentry$$00000002  c_w.l(__rtentry2.o)
    0x00000152   0x00000152   0x00000006   Code   RO          599    .ARM.Collect$$rtentry$$00000004  c_w.l(__rtentry4.o)
    0x00000158   0x00000158   0x00000000   Code   RO          589    .ARM.Collect$$rtentry$$00000009  c_w.l(__rtentry2.o)
    0x00000158   0x00000158   0x00000004   Code   RO          590    .ARM.Collect$$rtentry$$0000000A  c_w.l(__rtentry2.o)
    0x0000015c   0x0000015c   0x00000000   Code   RO          592    .ARM.Collect$$rtentry$$0000000C  c_w.l(__rtentry2.o)
    0x0000015c   0x0000015c   0x00000008   Code   RO          593    .ARM.Collect$$rtentry$$0000000D  c_w.l(__rtentry2.o)
    0x00000164   0x00000164   0x00000002   Code   RO          624    .ARM.Collect$$rtexit$$00000000  c_w.l(rtexit.o)
    0x00000166   0x00000166   0x00000000   Code   RO          678    .ARM.Collect$$rtexit$$00000002  c_w.l(rtexit2.o)
    0x00000166   0x00000166   0x00000004   Code   RO          679    .ARM.Collect$$rtexit$$00000003  c_w.l(rtexit2.o)
    0x0000016a   0x0000016a   0x00000006   Code   RO          680    .ARM.Collect$$rtexit$$00000004  c_w.l(rtexit2.o)
    0x00000170   0x00000170   0x00000014   Code   RO            1    .emb_text           context.o
    0x00000184   0x00000184   0x0000003c   Code   RO          488  * .text               startup_lpc17xx.o
    0x000001c0   0x000001c0   0x00000018   Code   RO          540    .text               c_w.l(noretval__2printf.o)
    0x000001d8   0x000001d8   0x00000068   Code   RO          542    .text               c_w.l(__printf.o)
    0x00000240   0x00000240   0x00000078   Code   RO          544    .text               c_w.l(_printf_dec.o)
    0x000002b8   0x000002b8   0x00000006   Code   RO          570    .text               c_w.l(heapauxi.o)
    0x000002be   0x000002be   0x00000002   PAD
    0x000002c0   0x000002c0   0x00000024   Code   RO          581    .text               c_w.l(_printf_char_file.o)
    0x000002e4   0x000002e4   0x00000012   Code   RO          609    .text               c_w.l(exit.o)
    0x000002f6   0x000002f6   0x00000006   Code   RO          367    i.Free              uart.o
    0x000002fc   0x000002fc   0x00000004   Code   RO          487    .ARM.__at_0x02FC    startup_lpc17xx.o
    0x00000300   0x00000300   0x0000008a   Code   RO          568    .text               c_w.l(rt_memcpy_v6.o)
    0x0000038a   0x0000038a   0x000000b2   Code   RO          579    .text               c_w.l(_printf_intcommon.o)
    0x0000043c   0x0000043c   0x00000064   Code   RO          584    .text               c_w.l(rt_memcpy_w.o)
    0x000004a0   0x000004a0   0x00000030   Code   RO          603    .text               c_w.l(_printf_char_common.o)
    0x000004d0   0x000004d0   0x0000004a   Code   RO          605    .text               c_w.l(sys_stackheap_outer.o)
    0x0000051a   0x0000051a   0x00000002   PAD
    0x0000051c   0x0000051c   0x00000008   Code   RO          621    .text               c_w.l(libspace.o)
    0x00000524   0x00000524   0x00000024   Code   RO          368    i.FreeRcv           uart.o
    0x00000548   0x00000548   0x00000024   Code   RO          369    i.FreeSnd           uart.o
    0x0000056c   0x0000056c   0x00000128   Code   RO           23    i.PendSV_Handler    main_default.o
    0x00000694   0x00000694   0x00000028   Code   RO           24    i.SysTick_Handler   main_default.o
    0x000006bc   0x000006bc   0x00000140   Code   RO          498    i.SystemInit        system_lpc17xx.o
    0x000007fc   0x000007fc   0x00000068   Code   RO          373    i.UART0_IRQHandler  uart.o
    0x00000864   0x00000864   0x00000070   Code   RO          374    i.UART1_IRQHandler  uart.o
    0x000008d4   0x000008d4   0x000000bc   Code   RO          375    i.UARTInit          uart.o
    0x00000990   0x00000990   0x00000024   Code   RO          379    i.UARTSendChar      uart.o
    0x000009b4   0x000009b4   0x0000001a   Code   RO          380    i.__NVIC_EnableIRQ  uart.o
    0x000009ce   0x000009ce   0x00000004   Code   RO          300    i._sys_exit         retarget.o
    0x000009d2   0x000009d2   0x00000002   PAD
    0x000009d4   0x000009d4   0x0000007c   Code   RO           25    i.acquire           main_default.o
    0x00000a50   0x00000a50   0x00000034   Code   RO           26    i.addThreadToScheduler  main_default.o
    0x00000a84   0x00000a84   0x00000054   Code   RO           27    i.blockTask         main_default.o
    0x00000ad8   0x00000ad8   0x0000008c   Code   RO           28    i.blockTaskMutex    main_default.o
    0x00000b64   0x00000b64   0x00000014   Code   RO           29    i.clearBitVector    main_default.o
    0x00000b78   0x00000b78   0x00000008   Code   RO          302    i.ferror            retarget.o
    0x00000b80   0x00000b80   0x0000000e   Code   RO          304    i.fputc             retarget.o
    0x00000b8e   0x00000b8e   0x00000002   PAD
    0x00000b90   0x00000b90   0x00000048   Code   RO          381    i.getFrequency      uart.o
    0x00000bd8   0x00000bd8   0x0000002c   Code   RO           30    i.getHighestPriority  main_default.o
    0x00000c04   0x00000c04   0x0000001e   Code   RO           31    i.getHighestWaitListPriority  main_default.o
    0x00000c22   0x00000c22   0x0000000c   Code   RO           32    i.getNextId         main_default.o
    0x00000c2e   0x00000c2e   0x00000002   PAD
    0x00000c30   0x00000c30   0x00000014   Code   RO           33    i.getThread         main_default.o
    0x00000c44   0x00000c44   0x0000001c   Code   RO           35    i.initSemaphore     main_default.o
    0x00000c60   0x00000c60   0x000000a4   Code   RO           36    i.main              main_default.o
    0x00000d04   0x00000d04   0x000000c4   Code   RO           37    i.osBetaCreateThread  main_default.o
    0x00000dc8   0x00000dc8   0x00000118   Code   RO           38    i.osBetaInitialize  main_default.o
    0x00000ee0   0x00000ee0   0x00000020   Code   RO           39    i.osBetaStart       main_default.o
    0x00000f00   0x00000f00   0x0000008c   Code   RO           40    i.release           main_default.o
    0x00000f8c   0x00000f8c   0x00000030   Code   RO           41    i.removeThreadFromScheduler  main_default.o
    0x00000fbc   0x00000fbc   0x00000034   Code   RO           42    i.runScheduler      main_default.o
    0x00000ff0   0x00000ff0   0x00000048   Code   RO           44    i.runTest2          main_default.o
    0x00001038   0x00001038   0x00000044   Code   RO          306    i.sendchar          retarget.o
    0x0000107c   0x0000107c   0x00000014   Code   RO           45    i.setBitVector      main_default.o
    0x00001090   0x00001090   0x00000050   Code   RO           46    i.signal            main_default.o
    0x000010e0   0x000010e0   0x000000bc   Code   RO           50    i.test2Thread1      main_default.o
    0x0000119c   0x0000119c   0x000000bc   Code   RO           51    i.test2Thread2      main_default.o
    0x00001258   0x00001258   0x0000008c   Code   RO           52    i.test2Thread3      main_default.o
    0x000012e4   0x000012e4   0x00000014   Code   RO           53    i.triggerPendSV     main_default.o
    0x000012f8   0x000012f8   0x00000048   Code   RO           54    i.unblockTask       main_default.o
    0x00001340   0x00001340   0x00000060   Code   RO           55    i.unblockTaskMutex  main_default.o
    0x000013a0   0x000013a0   0x00000090   Code   RO           56    i.wait              main_default.o
    0x00001430   0x00001430   0x00000020   Data   RO          744    Region$$Table       anon$$obj.o


    Execution Region ER_RW (Exec base: 0x10000000, Load base: 0x00001450, Size: 0x00000124, Max: 0xffffffff, ABSOLUTE)

    Exec Addr    Load Addr    Size         Type   Attr      Idx    E Section Name        Object

    0x10000000   0x00001450   0x000000f2   Data   RW           58    .data               main_default.o
    0x100000f2   0x00001542   0x00000002   PAD
    0x100000f4   0x00001544   0x0000000c   Data   RW          307    .data               retarget.o
    0x10000100   0x00001550   0x00000020   Data   RW          383    .data               uart.o
    0x10000120   0x00001570   0x00000004   Data   RW          499    .data               system_lpc17xx.o


    Execution Region ER_ZI (Exec base: 0x10000124, Load base: 0x00001574, Size: 0x00002124, Max: 0xffffffff, ABSOLUTE)

    Exec Addr    Load Addr    Size         Type   Attr      Idx    E Section Name        Object

    0x10000124        -       0x00000044   Zero   RW           57    .bss                main_default.o
    0x10000168        -       0x00000080   Zero   RW          382    .bss                uart.o
    0x100001e8        -       0x00000060   Zero   RW          622    .bss                c_w.l(libspace.o)
    0x10000248        -       0x00000000   Zero   RW          485    HEAP                startup_lpc17xx.o
    0x10000248        -       0x00002000   Zero   RW          484    STACK               startup_lpc17xx.o


==============================================================================

Image component sizes


      Code (inc. data)   RO Data    RW Data    ZI Data      Debug   Object Name

        20          0          0          0          0       4872   context.o
      2822        998          0        242         68      66131   main_default.o
        94          4          0         12          0       3515   retarget.o
        64         26        204          0       8192        948   startup_lpc17xx.o
       320         18          0          4          0        755   system_lpc17xx.o
       616         86          0         32        128      48995   uart.o

    ----------------------------------------------------------------------
      3942       1132        236        292       8388     125216   Object Totals
         0          0         32          0          0          0   (incl. Generated)
         6          0          0          2          0          0   (incl. Padding)

    ----------------------------------------------------------------------

      Code (inc. data)   RO Data    RW Data    ZI Data      Debug   Library Member Name

         8          0          0          0          0         68   __main.o
       104          0          0          0          0         84   __printf.o
         0          0          0          0          0          0   __rtentry.o
        12          0          0          0          0          0   __rtentry2.o
         6          0          0          0          0          0   __rtentry4.o
        52          8          0          0          0          0   __scatter.o
        26          0          0          0          0          0   __scatter_copy.o
        28          0          0          0          0          0   __scatter_zi.o
        48          6          0          0          0         96   _printf_char_common.o
        36          4          0          0          0         80   _printf_char_file.o
         6          0          0          0          0          0   _printf_d.o
       120         16          0          0          0         92   _printf_dec.o
       178          0          0          0          0         88   _printf_intcommon.o
         0          0          0          0          0          0   _printf_percent.o
         4          0          0          0          0          0   _printf_percent_end.o
        18          0          0          0          0         80   exit.o
         6          0          0          0          0        152   heapauxi.o
         2          0          0          0          0          0   libinit.o
         2          0          0          0          0          0   libinit2.o
         2          0          0          0          0          0   libshutdown.o
         2          0          0          0          0          0   libshutdown2.o
         8          4          0          0         96         68   libspace.o
        24          4          0          0          0         84   noretval__2printf.o
       138          0          0          0          0         68   rt_memcpy_v6.o
       100          0          0          0          0         80   rt_memcpy_w.o
         2          0          0          0          0          0   rtexit.o
        10          0          0          0          0          0   rtexit2.o
        74          0          0          0          0         80   sys_stackheap_outer.o

    ----------------------------------------------------------------------
      1022         42          0          0         96       1120   Library Totals
         6          0          0          0          0          0   (incl. Padding)

    ----------------------------------------------------------------------

      Code (inc. data)   RO Data    RW Data    ZI Data      Debug   Library Name

      1016         42          0          0         96       1120   c_w.l

    ----------------------------------------------------------------------
      1022         42          0          0         96       1120   Library Totals

    ----------------------------------------------------------------------

==============================================================================


      Code (inc. data)   RO Data    RW Data    ZI Data      Debug   

      4964       1174        236        292       8484     123784   Grand Totals
      4964       1174        236        292       8484     123784   ELF Image Totals
      4964       1174        236        292          0          0   ROM Totals

==============================================================================

    Total RO  Size (Code + RO Data)                 5200 (   5.08kB)
    Total RW  Size (RW Data + ZI Data)              8776 (   8.57kB)
    Total ROM Size (Code + RO Data + RW Data)       5492 (   5.36kB)

==============================================================================

